slurmstepd: error: *** STEP 32448417.0 ON nid004459 CANCELLED AT 2024-11-03T18:51:46 DUE TO TIME LIMIT ***
srun: Job step aborted: Waiting up to 32 seconds for job step to finish.
MPICH ERROR [Rank 301] [job id 32448417.0] [Sun Nov  3 10:51:53 2024] [nid004938] - Abort(15) (rank 301 in comm 0): application called MPI_Abort(MPI_COMM_WORLD, 15) - process 301

aborting job:
application called MPI_Abort(MPI_COMM_WORLD, 15) - process 301
MPICH ERROR [Rank 531] [job id 32448417.0] [Sun Nov  3 10:51:53 2024] [nid005210] - Abort(15) (rank 531 in comm 0): application called MPI_Abort(MPI_COMM_WORLD, 15) - process 531

aborting job:
application called MPI_Abort(MPI_COMM_WORLD, 15) - process 531
MPICH ERROR [Rank 545] [job id 32448417.0] [Sun Nov  3 10:51:54 2024] [nid005210] - Abort(15) (rank 545 in comm 0): application called MPI_Abort(MPI_COMM_WORLD, 15) - process 545

aborting job:
application called MPI_Abort(MPI_COMM_WORLD, 15) - process 545
MPICH ERROR [Rank 629] [job id 32448417.0] [Sun Nov  3 10:51:54 2024] [nid005210] - Abort(15) (rank 629 in comm 0): application called MPI_Abort(MPI_COMM_WORLD, 15) - process 629

aborting job:
application called MPI_Abort(MPI_COMM_WORLD, 15) - process 629
MPICH ERROR [Rank 249] [job id 32448417.0] [Sun Nov  3 10:51:54 2024] [nid004488] - Abort(15) (rank 249 in comm 0): application called MPI_Abort(MPI_COMM_WORLD, 15) - process 249

aborting job:
application called MPI_Abort(MPI_COMM_WORLD, 15) - process 249
MPICH ERROR [Rank 597] [job id 32448417.0] [Sun Nov  3 10:51:54 2024] [nid005210] - Abort(15) (rank 597 in comm 0): application called MPI_Abort(MPI_COMM_WORLD, 15) - process 597

aborting job:
application called MPI_Abort(MPI_COMM_WORLD, 15) - process 597
MPICH ERROR [Rank 169] [job id 32448417.0] [Sun Nov  3 10:51:54 2024] [nid004488] - Abort(15) (rank 169 in comm 0): application called MPI_Abort(MPI_COMM_WORLD, 15) - process 169

aborting job:
application called MPI_Abort(MPI_COMM_WORLD, 15) - process 169
MPICH ERROR [Rank 429] [job id 32448417.0] [Sun Nov  3 10:51:54 2024] [nid005209] - Abort(15) (rank 429 in comm 0): application called MPI_Abort(MPI_COMM_WORLD, 15) - process 429

aborting job:
application called MPI_Abort(MPI_COMM_WORLD, 15) - process 429
MPICH ERROR [Rank 185] [job id 32448417.0] [Sun Nov  3 10:51:54 2024] [nid004488] - Abort(15) (rank 185 in comm 0): application called MPI_Abort(MPI_COMM_WORLD, 15) - process 185

aborting job:
application called MPI_Abort(MPI_COMM_WORLD, 15) - process 185
srun: error: nid005210: task 531: Exited with exit code 255
srun: Terminating StepId=32448417.0
MPICH ERROR [Rank 443] [job id 32448417.0] [Sun Nov  3 10:51:54 2024] [nid005209] - Abort(15) (rank 443 in comm 0): application called MPI_Abort(MPI_COMM_WORLD, 15) - process 443

aborting job:
application called MPI_Abort(MPI_COMM_WORLD, 15) - process 443
MPICH ERROR [Rank 789] [job id 32448417.0] [Sun Nov  3 10:51:54 2024] [nid006803] - Abort(15) (rank 789 in comm 0): application called MPI_Abort(MPI_COMM_WORLD, 15) - process 789

aborting job:
application called MPI_Abort(MPI_COMM_WORLD, 15) - process 789
MPICH ERROR [Rank 803] [job id 32448417.0] [Sun Nov  3 10:51:54 2024] [nid006803] - Abort(15) (rank 803 in comm 0): application called MPI_Abort(MPI_COMM_WORLD, 15) - process 803

aborting job:
application called MPI_Abort(MPI_COMM_WORLD, 15) - process 803
MPICH ERROR [Rank 569] [job id 32448417.0] [Sun Nov  3 10:51:54 2024] [nid005210] - Abort(15) (rank 569 in comm 0): application called MPI_Abort(MPI_COMM_WORLD, 15) - process 569

aborting job:
application called MPI_Abort(MPI_COMM_WORLD, 15) - process 569
MPICH ERROR [Rank 319] [job id 32448417.0] [Sun Nov  3 10:51:54 2024] [nid004938] - Abort(15) (rank 319 in comm 0): application called MPI_Abort(MPI_COMM_WORLD, 15) - process 319

aborting job:
application called MPI_Abort(MPI_COMM_WORLD, 15) - process 319
MPICH ERROR [Rank 435] [job id 32448417.0] [Sun Nov  3 10:51:54 2024] [nid005209] - Abort(15) (rank 435 in comm 0): application called MPI_Abort(MPI_COMM_WORLD, 15) - process 435

aborting job:
application called MPI_Abort(MPI_COMM_WORLD, 15) - process 435
MPICH ERROR [Rank 173] [job id 32448417.0] [Sun Nov  3 10:51:54 2024] [nid004488] - Abort(15) (rank 173 in comm 0): application called MPI_Abort(MPI_COMM_WORLD, 15) - process 173

aborting job:
application called MPI_Abort(MPI_COMM_WORLD, 15) - process 173
MPICH ERROR [Rank 815] [job id 32448417.0] [Sun Nov  3 10:51:54 2024] [nid006803] - Abort(15) (rank 815 in comm 0): application called MPI_Abort(MPI_COMM_WORLD, 15) - process 815

aborting job:
application called MPI_Abort(MPI_COMM_WORLD, 15) - process 815
MPICH ERROR [Rank 809] [job id 32448417.0] [Sun Nov  3 10:51:54 2024] [nid006803] - Abort(15) (rank 809 in comm 0): application called MPI_Abort(MPI_COMM_WORLD, 15) - process 809

aborting job:
application called MPI_Abort(MPI_COMM_WORLD, 15) - process 809
MPICH ERROR [Rank 913] [job id 32448417.0] [Sun Nov  3 10:51:54 2024] [nid006804] - Abort(15) (rank 913 in comm 0): application called MPI_Abort(MPI_COMM_WORLD, 15) - process 913

aborting job:
application called MPI_Abort(MPI_COMM_WORLD, 15) - process 913
MPICH ERROR [Rank 617] [job id 32448417.0] [Sun Nov  3 10:51:54 2024] [nid005210] - Abort(15) (rank 617 in comm 0): application called MPI_Abort(MPI_COMM_WORLD, 15) - process 617

aborting job:
application called MPI_Abort(MPI_COMM_WORLD, 15) - process 617
MPICH ERROR [Rank 547] [job id 32448417.0] [Sun Nov  3 10:51:54 2024] [nid005210] - Abort(15) (rank 547 in comm 0): application called MPI_Abort(MPI_COMM_WORLD, 15) - process 547

aborting job:
application called MPI_Abort(MPI_COMM_WORLD, 15) - process 547
MPICH ERROR [Rank 561] [job id 32448417.0] [Sun Nov  3 10:51:54 2024] [nid005210] - Abort(15) (rank 561 in comm 0): application called MPI_Abort(MPI_COMM_WORLD, 15) - process 561

aborting job:
application called MPI_Abort(MPI_COMM_WORLD, 15) - process 561
MPICH ERROR [Rank 255] [job id 32448417.0] [Sun Nov  3 10:51:54 2024] [nid004488] - Abort(15) (rank 255 in comm 0): application called MPI_Abort(MPI_COMM_WORLD, 15) - process 255

aborting job:
application called MPI_Abort(MPI_COMM_WORLD, 15) - process 255
MPICH ERROR [Rank 609] [job id 32448417.0] [Sun Nov  3 10:51:54 2024] [nid005210] - Abort(15) (rank 609 in comm 0): application called MPI_Abort(MPI_COMM_WORLD, 15) - process 609

aborting job:
application called MPI_Abort(MPI_COMM_WORLD, 15) - process 609
MPICH ERROR [Rank 583] [job id 32448417.0] [Sun Nov  3 10:51:54 2024] [nid005210] - Abort(15) (rank 583 in comm 0): application called MPI_Abort(MPI_COMM_WORLD, 15) - process 583

aborting job:
application called MPI_Abort(MPI_COMM_WORLD, 15) - process 583
MPICH ERROR [Rank 287] [job id 32448417.0] [Sun Nov  3 10:51:54 2024] [nid004938] - Abort(15) (rank 287 in comm 0): application called MPI_Abort(MPI_COMM_WORLD, 15) - process 287

aborting job:
application called MPI_Abort(MPI_COMM_WORLD, 15) - process 287
MPICH ERROR [Rank 159] [job id 32448417.0] [Sun Nov  3 10:51:54 2024] [nid004488] - Abort(15) (rank 159 in comm 0): application called MPI_Abort(MPI_COMM_WORLD, 15) - process 159

aborting job:
application called MPI_Abort(MPI_COMM_WORLD, 15) - process 159
MPICH ERROR [Rank 311] [job id 32448417.0] [Sun Nov  3 10:51:54 2024] [nid004938] - Abort(15) (rank 311 in comm 0): application called MPI_Abort(MPI_COMM_WORLD, 15) - process 311

aborting job:
application called MPI_Abort(MPI_COMM_WORLD, 15) - process 311
MPICH ERROR [Rank 791] [job id 32448417.0] [Sun Nov  3 10:51:54 2024] [nid006803] - Abort(15) (rank 791 in comm 0): application called MPI_Abort(MPI_COMM_WORLD, 15) - process 791

aborting job:
application called MPI_Abort(MPI_COMM_WORLD, 15) - process 791
MPICH ERROR [Rank 613] [job id 32448417.0] [Sun Nov  3 10:51:54 2024] [nid005210] - Abort(15) (rank 613 in comm 0): application called MPI_Abort(MPI_COMM_WORLD, 15) - process 613

aborting job:
application called MPI_Abort(MPI_COMM_WORLD, 15) - process 613
MPICH ERROR [Rank 677] [job id 32448417.0] [Sun Nov  3 10:51:54 2024] [nid005267] - Abort(15) (rank 677 in comm 0): application called MPI_Abort(MPI_COMM_WORLD, 15) - process 677

aborting job:
application called MPI_Abort(MPI_COMM_WORLD, 15) - process 677
MPICH ERROR [Rank 695] [job id 32448417.0] [Sun Nov  3 10:51:54 2024] [nid005267] - Abort(15) (rank 695 in comm 0): application called MPI_Abort(MPI_COMM_WORLD, 15) - process 695

aborting job:
application called MPI_Abort(MPI_COMM_WORLD, 15) - process 695
MPICH ERROR [Rank 549] [job id 32448417.0] [Sun Nov  3 10:51:54 2024] [nid005210] - Abort(15) (rank 549 in comm 0): application called MPI_Abort(MPI_COMM_WORLD, 15) - process 549

aborting job:
application called MPI_Abort(MPI_COMM_WORLD, 15) - process 549
MPICH ERROR [Rank 671] [job id 32448417.0] [Sun Nov  3 10:51:54 2024] [nid005267] - Abort(15) (rank 671 in comm 0): application called MPI_Abort(MPI_COMM_WORLD, 15) - process 671

aborting job:
application called MPI_Abort(MPI_COMM_WORLD, 15) - process 671
MPICH ERROR [Rank 811] [job id 32448417.0] [Sun Nov  3 10:51:54 2024] [nid006803] - Abort(15) (rank 811 in comm 0): application called MPI_Abort(MPI_COMM_WORLD, 15) - process 811

aborting job:
application called MPI_Abort(MPI_COMM_WORLD, 15) - process 811
MPICH ERROR [Rank 179] [job id 32448417.0] [Sun Nov  3 10:51:54 2024] [nid004488] - Abort(15) (rank 179 in comm 0): application called MPI_Abort(MPI_COMM_WORLD, 15) - process 179

aborting job:
application called MPI_Abort(MPI_COMM_WORLD, 15) - process 179
MPICH ERROR [Rank 411] [job id 32448417.0] [Sun Nov  3 10:51:54 2024] [nid005209] - Abort(15) (rank 411 in comm 0): application called MPI_Abort(MPI_COMM_WORLD, 15) - process 411

aborting job:
application called MPI_Abort(MPI_COMM_WORLD, 15) - process 411
MPICH ERROR [Rank 865] [job id 32448417.0] [Sun Nov  3 10:51:54 2024] [nid006803] - Abort(15) (rank 865 in comm 0): application called MPI_Abort(MPI_COMM_WORLD, 15) - process 865

aborting job:
application called MPI_Abort(MPI_COMM_WORLD, 15) - process 865
MPICH ERROR [Rank 293] [job id 32448417.0] [Sun Nov  3 10:51:55 2024] [nid004938] - Abort(15) (rank 293 in comm 0): application called MPI_Abort(MPI_COMM_WORLD, 15) - process 293

aborting job:
application called MPI_Abort(MPI_COMM_WORLD, 15) - process 293
MPICH ERROR [Rank 175] [job id 32448417.0] [Sun Nov  3 10:51:55 2024] [nid004488] - Abort(15) (rank 175 in comm 0): application called MPI_Abort(MPI_COMM_WORLD, 15) - process 175

aborting job:
application called MPI_Abort(MPI_COMM_WORLD, 15) - process 175
MPICH ERROR [Rank 481] [job id 32448417.0] [Sun Nov  3 10:51:55 2024] [nid005209] - Abort(15) (rank 481 in comm 0): application called MPI_Abort(MPI_COMM_WORLD, 15) - process 481

aborting job:
application called MPI_Abort(MPI_COMM_WORLD, 15) - process 481
MPICH ERROR [Rank 657] [job id 32448417.0] [Sun Nov  3 10:51:55 2024] [nid005267] - Abort(15) (rank 657 in comm 0): application called MPI_Abort(MPI_COMM_WORLD, 15) - process 657

aborting job:
application called MPI_Abort(MPI_COMM_WORLD, 15) - process 657
MPICH ERROR [Rank 834] [job id 32448417.0] [Sun Nov  3 10:51:55 2024] [nid006803] - Abort(15) (rank 834 in comm 0): application called MPI_Abort(MPI_COMM_WORLD, 15) - process 834

aborting job:
application called MPI_Abort(MPI_COMM_WORLD, 15) - process 834
MPICH ERROR [Rank 383] [job id 32448417.0] [Sun Nov  3 10:51:55 2024] [nid004938] - Abort(15) (rank 383 in comm 0): application called MPI_Abort(MPI_COMM_WORLD, 15) - process 383

aborting job:
application called MPI_Abort(MPI_COMM_WORLD, 15) - process 383
MPICH ERROR [Rank 160] [job id 32448417.0] [Sun Nov  3 10:51:55 2024] [nid004488] - Abort(15) (rank 160 in comm 0): application called MPI_Abort(MPI_COMM_WORLD, 15) - process 160

aborting job:
application called MPI_Abort(MPI_COMM_WORLD, 15) - process 160
MPICH ERROR [Rank 757] [job id 32448417.0] [Sun Nov  3 10:51:55 2024] [nid005267] - Abort(15) (rank 757 in comm 0): application called MPI_Abort(MPI_COMM_WORLD, 15) - process 757

aborting job:
application called MPI_Abort(MPI_COMM_WORLD, 15) - process 757
MPICH ERROR [Rank 773] [job id 32448417.0] [Sun Nov  3 10:51:55 2024] [nid006803] - Abort(15) (rank 773 in comm 0): application called MPI_Abort(MPI_COMM_WORLD, 15) - process 773

MPICH ERROR [Rank 339] [job id 32448417.0] [Sun Nov  3 10:51:55 2024] [nid004938] - Abort(15) (rank 339 in comm 0): application called MPI_Abort(MPI_COMM_WORLD, 15) - process 339

aborting job:
application called MPI_Abort(MPI_COMM_WORLD, 15) - process 773
aborting job:
application called MPI_Abort(MPI_COMM_WORLD, 15) - process 339
MPICH ERROR [Rank 615] [job id 32448417.0] [Sun Nov  3 10:51:55 2024] [nid005210] - Abort(15) (rank 615 in comm 0): application called MPI_Abort(MPI_COMM_WORLD, 15) - process 615

aborting job:
application called MPI_Abort(MPI_COMM_WORLD, 15) - process 615
MPICH ERROR [Rank 793] [job id 32448417.0] [Sun Nov  3 10:51:55 2024] [nid006803] - Abort(15) (rank 793 in comm 0): application called MPI_Abort(MPI_COMM_WORLD, 15) - process 793

MPICH ERROR [Rank 237] [job id 32448417.0] [Sun Nov  3 10:51:55 2024] [nid004488] - Abort(15) (rank 237 in comm 0): application called MPI_Abort(MPI_COMM_WORLD, 15) - process 237

aborting job:
application called MPI_Abort(MPI_COMM_WORLD, 15) - process 237
aborting job:
application called MPI_Abort(MPI_COMM_WORLD, 15) - process 793
MPICH ERROR [Rank 915] [job id 32448417.0] [Sun Nov  3 10:51:55 2024] [nid006804] - Abort(15) (rank 915 in comm 0): application called MPI_Abort(MPI_COMM_WORLD, 15) - process 915

aborting job:
application called MPI_Abort(MPI_COMM_WORLD, 15) - process 915
MPICH ERROR [Rank 189] [job id 32448417.0] [Sun Nov  3 10:51:55 2024] [nid004488] - Abort(15) (rank 189 in comm 0): application called MPI_Abort(MPI_COMM_WORLD, 15) - process 189

aborting job:
application called MPI_Abort(MPI_COMM_WORLD, 15) - process 189
MPICH ERROR [Rank 689] [job id 32448417.0] [Sun Nov  3 10:51:55 2024] [nid005267] - Abort(15) (rank 689 in comm 0): application called MPI_Abort(MPI_COMM_WORLD, 15) - process 689

aborting job:
application called MPI_Abort(MPI_COMM_WORLD, 15) - process 689
MPICH ERROR [Rank 813] [job id 32448417.0] [Sun Nov  3 10:51:55 2024] [nid006803] - Abort(15) (rank 813 in comm 0): application called MPI_Abort(MPI_COMM_WORLD, 15) - process 813

aborting job:
application called MPI_Abort(MPI_COMM_WORLD, 15) - process 813
MPICH ERROR [Rank 779] [job id 32448417.0] [Sun Nov  3 10:51:55 2024] [nid006803] - Abort(15) (rank 779 in comm 0): application called MPI_Abort(MPI_COMM_WORLD, 15) - process 779

aborting job:
application called MPI_Abort(MPI_COMM_WORLD, 15) - process 779
MPICH ERROR [Rank 673] [job id 32448417.0] [Sun Nov  3 10:51:55 2024] [nid005267] - Abort(15) (rank 673 in comm 0): application called MPI_Abort(MPI_COMM_WORLD, 15) - process 673

aborting job:
application called MPI_Abort(MPI_COMM_WORLD, 15) - process 673
MPICH ERROR [Rank 129] [job id 32448417.0] [Sun Nov  3 10:51:55 2024] [nid004488] - Abort(15) (rank 129 in comm 0): application called MPI_Abort(MPI_COMM_WORLD, 15) - process 129

aborting job:
application called MPI_Abort(MPI_COMM_WORLD, 15) - process 129
MPICH ERROR [Rank 679] [job id 32448417.0] [Sun Nov  3 10:51:55 2024] [nid005267] - Abort(15) (rank 679 in comm 0): application called MPI_Abort(MPI_COMM_WORLD, 15) - process 679

aborting job:
application called MPI_Abort(MPI_COMM_WORLD, 15) - process 679
MPICH ERROR [Rank 519] [job id 32448417.0] [Sun Nov  3 10:51:55 2024] [nid005210] - Abort(15) (rank 519 in comm 0): application called MPI_Abort(MPI_COMM_WORLD, 15) - process 519

aborting job:
application called MPI_Abort(MPI_COMM_WORLD, 15) - process 519
MPICH ERROR [Rank 737] [job id 32448417.0] [Sun Nov  3 10:51:55 2024] [nid005267] - Abort(15) (rank 737 in comm 0): application called MPI_Abort(MPI_COMM_WORLD, 15) - process 737

aborting job:
application called MPI_Abort(MPI_COMM_WORLD, 15) - process 737
MPICH ERROR [Rank 1015] [job id 32448417.0] [Sun Nov  3 10:51:55 2024] [nid006804] - Abort(15) (rank 1015 in comm 0): application called MPI_Abort(MPI_COMM_WORLD, 15) - process 1015

aborting job:
application called MPI_Abort(MPI_COMM_WORLD, 15) - process 1015
MPICH ERROR [Rank 405] [job id 32448417.0] [Sun Nov  3 10:51:55 2024] [nid005209] - Abort(15) (rank 405 in comm 0): application called MPI_Abort(MPI_COMM_WORLD, 15) - process 405

aborting job:
application called MPI_Abort(MPI_COMM_WORLD, 15) - process 405
MPICH ERROR [Rank 941] [job id 32448417.0] [Sun Nov  3 10:51:55 2024] [nid006804] - Abort(15) (rank 941 in comm 0): application called MPI_Abort(MPI_COMM_WORLD, 15) - process 941

aborting job:
application called MPI_Abort(MPI_COMM_WORLD, 15) - process 941
MPICH ERROR [Rank 317] [job id 32448417.0] [Sun Nov  3 10:51:55 2024] [nid004938] - Abort(15) (rank 317 in comm 0): application called MPI_Abort(MPI_COMM_WORLD, 15) - process 317

aborting job:
application called MPI_Abort(MPI_COMM_WORLD, 15) - process 317
MPICH ERROR [Rank 801] [job id 32448417.0] [Sun Nov  3 10:51:55 2024] [nid006803] - Abort(15) (rank 801 in comm 0): application called MPI_Abort(MPI_COMM_WORLD, 15) - process 801

aborting job:
application called MPI_Abort(MPI_COMM_WORLD, 15) - process 801
MPICH ERROR [Rank 233] [job id 32448417.0] [Sun Nov  3 10:51:55 2024] [nid004488] - Abort(15) (rank 233 in comm 0): application called MPI_Abort(MPI_COMM_WORLD, 15) - process 233

aborting job:
application called MPI_Abort(MPI_COMM_WORLD, 15) - process 233
MPICH ERROR [Rank 1007] [job id 32448417.0] [Sun Nov  3 10:51:55 2024] [nid006804] - Abort(15) (rank 1007 in comm 0): application called MPI_Abort(MPI_COMM_WORLD, 15) - process 1007

aborting job:
application called MPI_Abort(MPI_COMM_WORLD, 15) - process 1007
MPICH ERROR [Rank 157] [job id 32448417.0] [Sun Nov  3 10:51:55 2024] [nid004488] - Abort(15) (rank 157 in comm 0): application called MPI_Abort(MPI_COMM_WORLD, 15) - process 157

aborting job:
application called MPI_Abort(MPI_COMM_WORLD, 15) - process 157
MPICH ERROR [Rank 603] [job id 32448417.0] [Sun Nov  3 10:51:55 2024] [nid005210] - Abort(15) (rank 603 in comm 0): application called MPI_Abort(MPI_COMM_WORLD, 15) - process 603

aborting job:
application called MPI_Abort(MPI_COMM_WORLD, 15) - process 603
MPICH ERROR [Rank 877] [job id 32448417.0] [Sun Nov  3 10:51:55 2024] [nid006803] - Abort(15) (rank 877 in comm 0): application called MPI_Abort(MPI_COMM_WORLD, 15) - process 877

aborting job:
application called MPI_Abort(MPI_COMM_WORLD, 15) - process 877
MPICH ERROR [Rank 425] [job id 32448417.0] [Sun Nov  3 10:51:55 2024] [nid005209] - Abort(15) (rank 425 in comm 0): application called MPI_Abort(MPI_COMM_WORLD, 15) - process 425

aborting job:
application called MPI_Abort(MPI_COMM_WORLD, 15) - process 425
MPICH ERROR [Rank 167] [job id 32448417.0] [Sun Nov  3 10:51:55 2024] [nid004488] - Abort(15) (rank 167 in comm 0): application called MPI_Abort(MPI_COMM_WORLD, 15) - process 167

aborting job:
application called MPI_Abort(MPI_COMM_WORLD, 15) - process 167
MPICH ERROR [Rank 161] [job id 32448417.0] [Sun Nov  3 10:51:55 2024] [nid004488] - Abort(15) (rank 161 in comm 0): application called MPI_Abort(MPI_COMM_WORLD, 15) - process 161

aborting job:
application called MPI_Abort(MPI_COMM_WORLD, 15) - process 161
MPICH ERROR [Rank 367] [job id 32448417.0] [Sun Nov  3 10:51:55 2024] [nid004938] - Abort(15) (rank 367 in comm 0): application called MPI_Abort(MPI_COMM_WORLD, 15) - process 367

aborting job:
application called MPI_Abort(MPI_COMM_WORLD, 15) - process 367
MPICH ERROR [Rank 819] [job id 32448417.0] [Sun Nov  3 10:51:55 2024] [nid006803] - Abort(15) (rank 819 in comm 0): application called MPI_Abort(MPI_COMM_WORLD, 15) - process 819

aborting job:
application called MPI_Abort(MPI_COMM_WORLD, 15) - process 819
MPICH ERROR [Rank 539] [job id 32448417.0] [Sun Nov  3 10:51:55 2024] [nid005210] - Abort(15) (rank 539 in comm 0): application called MPI_Abort(MPI_COMM_WORLD, 15) - process 539

aborting job:
application called MPI_Abort(MPI_COMM_WORLD, 15) - process 539
MPICH ERROR [Rank 141] [job id 32448417.0] [Sun Nov  3 10:51:55 2024] [nid004488] - Abort(15) (rank 141 in comm 0): application called MPI_Abort(MPI_COMM_WORLD, 15) - process 141

aborting job:
application called MPI_Abort(MPI_COMM_WORLD, 15) - process 141
MPICH ERROR [Rank 303] [job id 32448417.0] [Sun Nov  3 10:51:55 2024] [nid004938] - Abort(15) (rank 303 in comm 0): application called MPI_Abort(MPI_COMM_WORLD, 15) - process 303

aborting job:
application called MPI_Abort(MPI_COMM_WORLD, 15) - process 303
MPICH ERROR [Rank 643] [job id 32448417.0] [Sun Nov  3 10:51:55 2024] [nid005267] - Abort(15) (rank 643 in comm 0): application called MPI_Abort(MPI_COMM_WORLD, 15) - process 643

aborting job:
application called MPI_Abort(MPI_COMM_WORLD, 15) - process 643
MPICH ERROR [Rank 957] [job id 32448417.0] [Sun Nov  3 10:51:55 2024] [nid006804] - Abort(15) (rank 957 in comm 0): application called MPI_Abort(MPI_COMM_WORLD, 15) - process 957

aborting job:
application called MPI_Abort(MPI_COMM_WORLD, 15) - process 957
MPICH ERROR [Rank 489] [job id 32448417.0] [Sun Nov  3 10:51:55 2024] [nid005209] - Abort(15) (rank 489 in comm 0): application called MPI_Abort(MPI_COMM_WORLD, 15) - process 489

aborting job:
application called MPI_Abort(MPI_COMM_WORLD, 15) - process 489
MPICH ERROR [Rank 315] [job id 32448417.0] [Sun Nov  3 10:51:55 2024] [nid004938] - Abort(15) (rank 315 in comm 0): application called MPI_Abort(MPI_COMM_WORLD, 15) - process 315

aborting job:
application called MPI_Abort(MPI_COMM_WORLD, 15) - process 315
MPICH ERROR [Rank 153] [job id 32448417.0] [Sun Nov  3 10:51:55 2024] [nid004488] - Abort(15) (rank 153 in comm 0): application called MPI_Abort(MPI_COMM_WORLD, 15) - process 153

aborting job:
application called MPI_Abort(MPI_COMM_WORLD, 15) - process 153
MPICH ERROR [Rank 419] [job id 32448417.0] [Sun Nov  3 10:51:55 2024] [nid005209] - Abort(15) (rank 419 in comm 0): application called MPI_Abort(MPI_COMM_WORLD, 15) - process 419

aborting job:
application called MPI_Abort(MPI_COMM_WORLD, 15) - process 419
MPICH ERROR [Rank 417] [job id 32448417.0] [Sun Nov  3 10:51:55 2024] [nid005209] - Abort(15) (rank 417 in comm 0): application called MPI_Abort(MPI_COMM_WORLD, 15) - process 417

aborting job:
application called MPI_Abort(MPI_COMM_WORLD, 15) - process 417
MPICH ERROR [Rank 755] [job id 32448417.0] [Sun Nov  3 10:51:55 2024] [nid005267] - Abort(15) (rank 755 in comm 0): application called MPI_Abort(MPI_COMM_WORLD, 15) - process 755

aborting job:
application called MPI_Abort(MPI_COMM_WORLD, 15) - process 755
MPICH ERROR [Rank 701] [job id 32448417.0] [Sun Nov  3 10:51:55 2024] [nid005267] - Abort(15) (rank 701 in comm 0): application called MPI_Abort(MPI_COMM_WORLD, 15) - process 701

aborting job:
application called MPI_Abort(MPI_COMM_WORLD, 15) - process 701
MPICH ERROR [Rank 247] [job id 32448417.0] [Sun Nov  3 10:51:55 2024] [nid004488] - Abort(15) (rank 247 in comm 0): application called MPI_Abort(MPI_COMM_WORLD, 15) - process 247

aborting job:
application called MPI_Abort(MPI_COMM_WORLD, 15) - process 247
MPICH ERROR [Rank 487] [job id 32448417.0] [Sun Nov  3 10:51:55 2024] [nid005209] - Abort(15) (rank 487 in comm 0): application called MPI_Abort(MPI_COMM_WORLD, 15) - process 487

aborting job:
application called MPI_Abort(MPI_COMM_WORLD, 15) - process 487
MPICH ERROR [Rank 183] [job id 32448417.0] [Sun Nov  3 10:51:55 2024] [nid004488] - Abort(15) (rank 183 in comm 0): application called MPI_Abort(MPI_COMM_WORLD, 15) - process 183

aborting job:
application called MPI_Abort(MPI_COMM_WORLD, 15) - process 183
MPICH ERROR [Rank 571] [job id 32448417.0] [Sun Nov  3 10:51:55 2024] [nid005210] - Abort(15) (rank 571 in comm 0): application called MPI_Abort(MPI_COMM_WORLD, 15) - process 571

aborting job:
application called MPI_Abort(MPI_COMM_WORLD, 15) - process 571
MPICH ERROR [Rank 559] [job id 32448417.0] [Sun Nov  3 10:51:55 2024] [nid005210] - Abort(15) (rank 559 in comm 0): application called MPI_Abort(MPI_COMM_WORLD, 15) - process 559

aborting job:
application called MPI_Abort(MPI_COMM_WORLD, 15) - process 559
MPICH ERROR [Rank 505] [job id 32448417.0] [Sun Nov  3 10:51:55 2024] [nid005209] - Abort(15) (rank 505 in comm 0): application called MPI_Abort(MPI_COMM_WORLD, 15) - process 505

aborting job:
application called MPI_Abort(MPI_COMM_WORLD, 15) - process 505
MPICH ERROR [Rank 155] [job id 32448417.0] [Sun Nov  3 10:51:55 2024] [nid004488] - Abort(15) (rank 155 in comm 0): application called MPI_Abort(MPI_COMM_WORLD, 15) - process 155

aborting job:
application called MPI_Abort(MPI_COMM_WORLD, 15) - process 155
MPICH ERROR [Rank 605] [job id 32448417.0] [Sun Nov  3 10:51:55 2024] [nid005210] - Abort(15) (rank 605 in comm 0): application called MPI_Abort(MPI_COMM_WORLD, 15) - process 605

aborting job:
application called MPI_Abort(MPI_COMM_WORLD, 15) - process 605
MPICH ERROR [Rank 191] [job id 32448417.0] [Sun Nov  3 10:51:55 2024] [nid004488] - Abort(15) (rank 191 in comm 0): application called MPI_Abort(MPI_COMM_WORLD, 15) - process 191

aborting job:
application called MPI_Abort(MPI_COMM_WORLD, 15) - process 191
MPICH ERROR [Rank 875] [job id 32448417.0] [Sun Nov  3 10:51:55 2024] [nid006803] - Abort(15) (rank 875 in comm 0): application called MPI_Abort(MPI_COMM_WORLD, 15) - process 875

aborting job:
application called MPI_Abort(MPI_COMM_WORLD, 15) - process 875
MPICH ERROR [Rank 451] [job id 32448417.0] [Sun Nov  3 10:51:56 2024] [nid005209] - Abort(15) (rank 451 in comm 0): application called MPI_Abort(MPI_COMM_WORLD, 15) - process 451

aborting job:
application called MPI_Abort(MPI_COMM_WORLD, 15) - process 451
MPICH ERROR [Rank 529] [job id 32448417.0] [Sun Nov  3 10:51:56 2024] [nid005210] - Abort(15) (rank 529 in comm 0): application called MPI_Abort(MPI_COMM_WORLD, 15) - process 529

aborting job:
application called MPI_Abort(MPI_COMM_WORLD, 15) - process 529
MPICH ERROR [Rank 741] [job id 32448417.0] [Sun Nov  3 10:51:56 2024] [nid005267] - Abort(15) (rank 741 in comm 0): application called MPI_Abort(MPI_COMM_WORLD, 15) - process 741

aborting job:
application called MPI_Abort(MPI_COMM_WORLD, 15) - process 741
MPICH ERROR [Rank 253] [job id 32448417.0] [Sun Nov  3 10:51:56 2024] [nid004488] - Abort(15) (rank 253 in comm 0): application called MPI_Abort(MPI_COMM_WORLD, 15) - process 253

aborting job:
application called MPI_Abort(MPI_COMM_WORLD, 15) - process 253
MPICH ERROR [Rank 821] [job id 32448417.0] [Sun Nov  3 10:51:56 2024] [nid006803] - Abort(15) (rank 821 in comm 0): application called MPI_Abort(MPI_COMM_WORLD, 15) - process 821

aborting job:
application called MPI_Abort(MPI_COMM_WORLD, 15) - process 821
MPICH ERROR [Rank 947] [job id 32448417.0] [Sun Nov  3 10:51:56 2024] [nid006804] - Abort(15) (rank 947 in comm 0): application called MPI_Abort(MPI_COMM_WORLD, 15) - process 947

aborting job:
application called MPI_Abort(MPI_COMM_WORLD, 15) - process 947
MPICH ERROR [Rank 633] [job id 32448417.0] [Sun Nov  3 10:51:56 2024] [nid005210] - Abort(15) (rank 633 in comm 0): application called MPI_Abort(MPI_COMM_WORLD, 15) - process 633

aborting job:
application called MPI_Abort(MPI_COMM_WORLD, 15) - process 633
MPICH ERROR [Rank 551] [job id 32448417.0] [Sun Nov  3 10:51:56 2024] [nid005210] - Abort(15) (rank 551 in comm 0): application called MPI_Abort(MPI_COMM_WORLD, 15) - process 551

aborting job:
application called MPI_Abort(MPI_COMM_WORLD, 15) - process 551
MPICH ERROR [Rank 683] [job id 32448417.0] [Sun Nov  3 10:51:56 2024] [nid005267] - Abort(15) (rank 683 in comm 0): application called MPI_Abort(MPI_COMM_WORLD, 15) - process 683

aborting job:
application called MPI_Abort(MPI_COMM_WORLD, 15) - process 683
MPICH ERROR [Rank 575] [job id 32448417.0] [Sun Nov  3 10:51:56 2024] [nid005210] - Abort(15) (rank 575 in comm 0): application called MPI_Abort(MPI_COMM_WORLD, 15) - process 575

aborting job:
application called MPI_Abort(MPI_COMM_WORLD, 15) - process 575
MPICH ERROR [Rank 373] [job id 32448417.0] [Sun Nov  3 10:51:56 2024] [nid004938] - Abort(15) (rank 373 in comm 0): application called MPI_Abort(MPI_COMM_WORLD, 15) - process 373

aborting job:
application called MPI_Abort(MPI_COMM_WORLD, 15) - process 373
MPICH ERROR [Rank 631] [job id 32448417.0] [Sun Nov  3 10:51:56 2024] [nid005210] - Abort(15) (rank 631 in comm 0): application called MPI_Abort(MPI_COMM_WORLD, 15) - process 631

aborting job:
application called MPI_Abort(MPI_COMM_WORLD, 15) - process 631
MPICH ERROR [Rank 515] [job id 32448417.0] [Sun Nov  3 10:51:56 2024] [nid005210] - Abort(15) (rank 515 in comm 0): application called MPI_Abort(MPI_COMM_WORLD, 15) - process 515

aborting job:
application called MPI_Abort(MPI_COMM_WORLD, 15) - process 515
MPICH ERROR [Rank 951] [job id 32448417.0] [Sun Nov  3 10:51:56 2024] [nid006804] - Abort(15) (rank 951 in comm 0): application called MPI_Abort(MPI_COMM_WORLD, 15) - process 951

aborting job:
application called MPI_Abort(MPI_COMM_WORLD, 15) - process 951
MPICH ERROR [Rank 641] [job id 32448417.0] [Sun Nov  3 10:51:56 2024] [nid005267] - Abort(15) (rank 641 in comm 0): application called MPI_Abort(MPI_COMM_WORLD, 15) - process 641

aborting job:
application called MPI_Abort(MPI_COMM_WORLD, 15) - process 641
MPICH ERROR [Rank 887] [job id 32448417.0] [Sun Nov  3 10:51:56 2024] [nid006803] - Abort(15) (rank 887 in comm 0): application called MPI_Abort(MPI_COMM_WORLD, 15) - process 887

aborting job:
application called MPI_Abort(MPI_COMM_WORLD, 15) - process 887
MPICH ERROR [Rank 447] [job id 32448417.0] [Sun Nov  3 10:51:56 2024] [nid005209] - Abort(15) (rank 447 in comm 0): application called MPI_Abort(MPI_COMM_WORLD, 15) - process 447

aborting job:
application called MPI_Abort(MPI_COMM_WORLD, 15) - process 447
MPICH ERROR [Rank 675] [job id 32448417.0] [Sun Nov  3 10:51:56 2024] [nid005267] - Abort(15) (rank 675 in comm 0): application called MPI_Abort(MPI_COMM_WORLD, 15) - process 675

aborting job:
application called MPI_Abort(MPI_COMM_WORLD, 15) - process 675
MPICH ERROR [Rank 187] [job id 32448417.0] [Sun Nov  3 10:51:56 2024] [nid004488] - Abort(15) (rank 187 in comm 0): application called MPI_Abort(MPI_COMM_WORLD, 15) - process 187

aborting job:
application called MPI_Abort(MPI_COMM_WORLD, 15) - process 187
MPICH ERROR [Rank 177] [job id 32448417.0] [Sun Nov  3 10:51:56 2024] [nid004488] - Abort(15) (rank 177 in comm 0): application called MPI_Abort(MPI_COMM_WORLD, 15) - process 177

aborting job:
application called MPI_Abort(MPI_COMM_WORLD, 15) - process 177
MPICH ERROR [Rank 291] [job id 32448417.0] [Sun Nov  3 10:51:56 2024] [nid004938] - Abort(15) (rank 291 in comm 0): application called MPI_Abort(MPI_COMM_WORLD, 15) - process 291

aborting job:
application called MPI_Abort(MPI_COMM_WORLD, 15) - process 291
MPICH ERROR [Rank 227] [job id 32448417.0] [Sun Nov  3 10:51:56 2024] [nid004488] - Abort(15) (rank 227 in comm 0): application called MPI_Abort(MPI_COMM_WORLD, 15) - process 227

aborting job:
application called MPI_Abort(MPI_COMM_WORLD, 15) - process 227
MPICH ERROR [Rank 379] [job id 32448417.0] [Sun Nov  3 10:51:56 2024] [nid004938] - Abort(15) (rank 379 in comm 0): application called MPI_Abort(MPI_COMM_WORLD, 15) - process 379

aborting job:
application called MPI_Abort(MPI_COMM_WORLD, 15) - process 379
MPICH ERROR [Rank 567] [job id 32448417.0] [Sun Nov  3 10:51:56 2024] [nid005210] - Abort(15) (rank 567 in comm 0): application called MPI_Abort(MPI_COMM_WORLD, 15) - process 567

aborting job:
application called MPI_Abort(MPI_COMM_WORLD, 15) - process 567
MPICH ERROR [Rank 135] [job id 32448417.0] [Sun Nov  3 10:51:56 2024] [nid004488] - Abort(15) (rank 135 in comm 0): application called MPI_Abort(MPI_COMM_WORLD, 15) - process 135

MPICH ERROR [Rank 739] [job id 32448417.0] [Sun Nov  3 10:51:56 2024] [nid005267] - Abort(15) (rank 739 in comm 0): application called MPI_Abort(MPI_COMM_WORLD, 15) - process 739

aborting job:
application called MPI_Abort(MPI_COMM_WORLD, 15) - process 135
aborting job:
application called MPI_Abort(MPI_COMM_WORLD, 15) - process 739
MPICH ERROR [Rank 911] [job id 32448417.0] [Sun Nov  3 10:51:56 2024] [nid006804] - Abort(15) (rank 911 in comm 0): application called MPI_Abort(MPI_COMM_WORLD, 15) - process 911

aborting job:
application called MPI_Abort(MPI_COMM_WORLD, 15) - process 911
MPICH ERROR [Rank 693] [job id 32448417.0] [Sun Nov  3 10:51:56 2024] [nid005267] - Abort(15) (rank 693 in comm 0): application called MPI_Abort(MPI_COMM_WORLD, 15) - process 693

aborting job:
application called MPI_Abort(MPI_COMM_WORLD, 15) - process 693
MPICH ERROR [Rank 703] [job id 32448417.0] [Sun Nov  3 10:51:56 2024] [nid005267] - Abort(15) (rank 703 in comm 0): application called MPI_Abort(MPI_COMM_WORLD, 15) - process 703

aborting job:
application called MPI_Abort(MPI_COMM_WORLD, 15) - process 703
MPICH ERROR [Rank 441] [job id 32448417.0] [Sun Nov  3 10:51:56 2024] [nid005209] - Abort(15) (rank 441 in comm 0): application called MPI_Abort(MPI_COMM_WORLD, 15) - process 441

aborting job:
application called MPI_Abort(MPI_COMM_WORLD, 15) - process 441
MPICH ERROR [Rank 891] [job id 32448417.0] [Sun Nov  3 10:51:56 2024] [nid006803] - Abort(15) (rank 891 in comm 0): application called MPI_Abort(MPI_COMM_WORLD, 15) - process 891

aborting job:
application called MPI_Abort(MPI_COMM_WORLD, 15) - process 891
MPICH ERROR [Rank 565] [job id 32448417.0] [Sun Nov  3 10:51:56 2024] [nid005210] - Abort(15) (rank 565 in comm 0): application called MPI_Abort(MPI_COMM_WORLD, 15) - process 565

aborting job:
application called MPI_Abort(MPI_COMM_WORLD, 15) - process 565
