The system is: Linux - 5.14.21-150400.24.111_12.0.91-cray_shasta_c - x86_64
Compiling the C compiler identification source file "CMakeCCompilerId.c" succeeded.
Compiler: /opt/cray/pe/mpich/8.1.25/ofi/gnu/9.1/bin/mpicc 
Build flags: 
Id flags:  

The output was:
0


Compilation of the C compiler identification source "CMakeCCompilerId.c" produced "a.out"

The C compiler identification is GNU, found in "/global/homes/p/prince93/PR_DNS_Scalar3_FronTier/DNS/CMakeFiles/3.24.3/CompilerIdC/a.out"

Compiling the CXX compiler identification source file "CMakeCXXCompilerId.cpp" succeeded.
Compiler: /opt/cray/pe/mpich/8.1.25/ofi/gnu/9.1/bin/mpic++ 
Build flags: 
Id flags:  

The output was:
0


Compilation of the CXX compiler identification source "CMakeCXXCompilerId.cpp" produced "a.out"

The CXX compiler identification is GNU, found in "/global/homes/p/prince93/PR_DNS_Scalar3_FronTier/DNS/CMakeFiles/3.24.3/CompilerIdCXX/a.out"

Detecting C compiler ABI info compiled with the following output:
Change Dir: /global/homes/p/prince93/PR_DNS_Scalar3_FronTier/DNS/CMakeFiles/CMakeTmp

Run Build Command(s):/usr/bin/gmake -f Makefile cmTC_635ec/fast && /usr/bin/gmake  -f CMakeFiles/cmTC_635ec.dir/build.make CMakeFiles/cmTC_635ec.dir/build
gmake[1]: Entering directory '/global/u2/p/prince93/PR_DNS_Scalar3_FronTier/DNS/CMakeFiles/CMakeTmp'
Building C object CMakeFiles/cmTC_635ec.dir/CMakeCCompilerABI.c.o
/opt/cray/pe/mpich/8.1.25/ofi/gnu/9.1/bin/mpicc   -v -o CMakeFiles/cmTC_635ec.dir/CMakeCCompilerABI.c.o -c /global/common/software/nersc/pm-2022q4/spack/linux-sles15-zen/cmake-3.24.3-k5msymx/share/cmake-3.24/Modules/CMakeCCompilerABI.c
mpicc for MPICH version 8.1.25
Using built-in specs.
COLLECT_GCC=/opt/cray/pe/gcc/12.2.0/bin/../snos/bin/gcc
Target: x86_64-suse-linux
Configured with: ../cpe-gcc-12.2.0-202211182106.97b1815c41a72/configure --prefix=/opt/cray/pe/gcc/12.2.0/snos --disable-nls --libdir=/opt/cray/pe/gcc/12.2.0/snos/lib --enable-languages=c,c++,fortran --with-gxx-include-dir=/opt/cray/pe/gcc/12.2.0/snos/include/g++ --with-slibdir=/opt/cray/pe/gcc/12.2.0/snos/lib --with-system-zlib --enable-shared --enable-__cxa_atexit --build=x86_64-suse-linux --with-ppl --with-cloog --disable-multilib
Thread model: posix
Supported LTO compression algorithms: zlib
gcc version 12.2.0 20220819 (HPE) (GCC) 
COLLECT_GCC_OPTIONS='-v' '-o' 'CMakeFiles/cmTC_635ec.dir/CMakeCCompilerABI.c.o' '-c' '-I' '/opt/cray/pe/mpich/8.1.25/ofi/gnu/9.1/include' '-mtune=generic' '-march=x86-64' '-dumpdir' 'CMakeFiles/cmTC_635ec.dir/'
 /opt/cray/pe/gcc/12.2.0/snos/libexec/gcc/x86_64-suse-linux/12.2.0/cc1 -quiet -v -I /opt/cray/pe/mpich/8.1.25/ofi/gnu/9.1/include /global/common/software/nersc/pm-2022q4/spack/linux-sles15-zen/cmake-3.24.3-k5msymx/share/cmake-3.24/Modules/CMakeCCompilerABI.c -quiet -dumpdir CMakeFiles/cmTC_635ec.dir/ -dumpbase CMakeCCompilerABI.c.c -dumpbase-ext .c -mtune=generic -march=x86-64 -version -o /tmp/cc7ZSazV.s
GNU C17 (GCC) version 12.2.0 20220819 (HPE) (x86_64-suse-linux)
	compiled by GNU C version 12.2.0 20220819 (HPE), GMP version 6.0.0, MPFR version 3.1.3, MPC version 1.0.3, isl version isl-0.15-GMP

GGC heuristics: --param ggc-min-expand=100 --param ggc-min-heapsize=131072
ignoring nonexistent directory "/opt/cray/pe/gcc/12.2.0/snos/lib/gcc/x86_64-suse-linux/12.2.0/../../../../x86_64-suse-linux/include"
#include "..." search starts here:
#include <...> search starts here:
 /opt/cray/pe/mpich/8.1.25/ofi/gnu/9.1/include
 /opt/nvidia/hpc_sdk/Linux_x86_64/22.7/math_libs/11.7/include
 /opt/nvidia/hpc_sdk/Linux_x86_64/22.7/cuda/11.7/include
 /opt/cray/pe/gcc/12.2.0/snos/lib/gcc/x86_64-suse-linux/12.2.0/include
 /usr/local/include
 /opt/cray/pe/gcc/12.2.0/snos/include
 /opt/cray/pe/gcc/12.2.0/snos/lib/gcc/x86_64-suse-linux/12.2.0/include-fixed
 /usr/include
End of search list.
GNU C17 (GCC) version 12.2.0 20220819 (HPE) (x86_64-suse-linux)
	compiled by GNU C version 12.2.0 20220819 (HPE), GMP version 6.0.0, MPFR version 3.1.3, MPC version 1.0.3, isl version isl-0.15-GMP

GGC heuristics: --param ggc-min-expand=100 --param ggc-min-heapsize=131072
Compiler executable checksum: 2c7f1a5d32ef7d812b1411e00490b8b1
COLLECT_GCC_OPTIONS='-v' '-o' 'CMakeFiles/cmTC_635ec.dir/CMakeCCompilerABI.c.o' '-c' '-I' '/opt/cray/pe/mpich/8.1.25/ofi/gnu/9.1/include' '-mtune=generic' '-march=x86-64' '-dumpdir' 'CMakeFiles/cmTC_635ec.dir/'
 as -v -I /opt/cray/pe/mpich/8.1.25/ofi/gnu/9.1/include --64 -o CMakeFiles/cmTC_635ec.dir/CMakeCCompilerABI.c.o /tmp/cc7ZSazV.s
GNU assembler version 2.41.0 (x86_64-suse-linux) using BFD version (GNU Binutils; SUSE Linux Enterprise 15) 2.41.0.20230908-150100.7.46
COMPILER_PATH=/opt/cray/pe/gcc/12.2.0/snos/libexec/gcc/x86_64-suse-linux/12.2.0/:/opt/cray/pe/gcc/12.2.0/snos/libexec/gcc/x86_64-suse-linux/12.2.0/:/opt/cray/pe/gcc/12.2.0/snos/libexec/gcc/x86_64-suse-linux/:/opt/cray/pe/gcc/12.2.0/snos/lib/gcc/x86_64-suse-linux/12.2.0/:/opt/cray/pe/gcc/12.2.0/snos/lib/gcc/x86_64-suse-linux/
LIBRARY_PATH=/opt/cray/pe/gcc/12.2.0/snos/lib/gcc/x86_64-suse-linux/12.2.0/:/opt/cray/pe/gcc/12.2.0/snos/lib/gcc/x86_64-suse-linux/12.2.0/../../../../lib64/:/lib/../lib64/:/usr/lib/../lib64/:/opt/cray/pe/gcc/12.2.0/snos/lib/gcc/x86_64-suse-linux/12.2.0/../../../:/lib/:/usr/lib/
COLLECT_GCC_OPTIONS='-v' '-o' 'CMakeFiles/cmTC_635ec.dir/CMakeCCompilerABI.c.o' '-c' '-I' '/opt/cray/pe/mpich/8.1.25/ofi/gnu/9.1/include' '-mtune=generic' '-march=x86-64' '-dumpdir' 'CMakeFiles/cmTC_635ec.dir/CMakeCCompilerABI.c.'
Linking C executable cmTC_635ec
/global/common/software/nersc/pm-2022q4/spack/linux-sles15-zen/cmake-3.24.3-k5msymx/bin/cmake -E cmake_link_script CMakeFiles/cmTC_635ec.dir/link.txt --verbose=1
/opt/cray/pe/mpich/8.1.25/ofi/gnu/9.1/bin/mpicc  -v CMakeFiles/cmTC_635ec.dir/CMakeCCompilerABI.c.o -o cmTC_635ec 
mpicc for MPICH version 8.1.25
Using built-in specs.
COLLECT_GCC=/opt/cray/pe/gcc/12.2.0/bin/../snos/bin/gcc
COLLECT_LTO_WRAPPER=/opt/cray/pe/gcc/12.2.0/snos/libexec/gcc/x86_64-suse-linux/12.2.0/lto-wrapper
Target: x86_64-suse-linux
Configured with: ../cpe-gcc-12.2.0-202211182106.97b1815c41a72/configure --prefix=/opt/cray/pe/gcc/12.2.0/snos --disable-nls --libdir=/opt/cray/pe/gcc/12.2.0/snos/lib --enable-languages=c,c++,fortran --with-gxx-include-dir=/opt/cray/pe/gcc/12.2.0/snos/include/g++ --with-slibdir=/opt/cray/pe/gcc/12.2.0/snos/lib --with-system-zlib --enable-shared --enable-__cxa_atexit --build=x86_64-suse-linux --with-ppl --with-cloog --disable-multilib
Thread model: posix
Supported LTO compression algorithms: zlib
gcc version 12.2.0 20220819 (HPE) (GCC) 
COMPILER_PATH=/opt/cray/pe/gcc/12.2.0/snos/libexec/gcc/x86_64-suse-linux/12.2.0/:/opt/cray/pe/gcc/12.2.0/snos/libexec/gcc/x86_64-suse-linux/12.2.0/:/opt/cray/pe/gcc/12.2.0/snos/libexec/gcc/x86_64-suse-linux/:/opt/cray/pe/gcc/12.2.0/snos/lib/gcc/x86_64-suse-linux/12.2.0/:/opt/cray/pe/gcc/12.2.0/snos/lib/gcc/x86_64-suse-linux/
LIBRARY_PATH=/opt/cray/pe/gcc/12.2.0/snos/lib/gcc/x86_64-suse-linux/12.2.0/:/opt/cray/pe/gcc/12.2.0/snos/lib/gcc/x86_64-suse-linux/12.2.0/../../../../lib64/:/lib/../lib64/:/usr/lib/../lib64/:/opt/cray/pe/gcc/12.2.0/snos/lib/gcc/x86_64-suse-linux/12.2.0/../../../:/lib/:/usr/lib/
COLLECT_GCC_OPTIONS='-v' '-o' 'cmTC_635ec' '-I' '/opt/cray/pe/mpich/8.1.25/ofi/gnu/9.1/include' '-L/opt/cray/pe/mpich/8.1.25/ofi/gnu/9.1/lib' '-mtune=generic' '-march=x86-64' '-dumpdir' 'cmTC_635ec.'
 /opt/cray/pe/gcc/12.2.0/snos/libexec/gcc/x86_64-suse-linux/12.2.0/collect2 -plugin /opt/cray/pe/gcc/12.2.0/snos/libexec/gcc/x86_64-suse-linux/12.2.0/liblto_plugin.so -plugin-opt=/opt/cray/pe/gcc/12.2.0/snos/libexec/gcc/x86_64-suse-linux/12.2.0/lto-wrapper -plugin-opt=-fresolution=/tmp/cc69Ti2S.res -plugin-opt=-pass-through=-lgcc -plugin-opt=-pass-through=-lgcc_s -plugin-opt=-pass-through=-lc -plugin-opt=-pass-through=-lgcc -plugin-opt=-pass-through=-lgcc_s --eh-frame-hdr -m elf_x86_64 -dynamic-linker /lib64/ld-linux-x86-64.so.2 -o cmTC_635ec /usr/lib/../lib64/crt1.o /usr/lib/../lib64/crti.o /opt/cray/pe/gcc/12.2.0/snos/lib/gcc/x86_64-suse-linux/12.2.0/crtbegin.o -L/opt/cray/pe/mpich/8.1.25/ofi/gnu/9.1/lib -L/opt/cray/pe/gcc/12.2.0/snos/lib/gcc/x86_64-suse-linux/12.2.0 -L/opt/cray/pe/gcc/12.2.0/snos/lib/gcc/x86_64-suse-linux/12.2.0/../../../../lib64 -L/lib/../lib64 -L/usr/lib/../lib64 -L/opt/cray/pe/gcc/12.2.0/snos/lib/gcc/x86_64-suse-linux/12.2.0/../../.. CMakeFiles/cmTC_635ec.dir/CMakeCCompilerABI.c.o -lmpi_gnu_91 -lgcc --push-state --as-needed -lgcc_s --pop-state -lc -lgcc --push-state --as-needed -lgcc_s --pop-state /opt/cray/pe/gcc/12.2.0/snos/lib/gcc/x86_64-suse-linux/12.2.0/crtend.o /usr/lib/../lib64/crtn.o
COLLECT_GCC_OPTIONS='-v' '-o' 'cmTC_635ec' '-I' '/opt/cray/pe/mpich/8.1.25/ofi/gnu/9.1/include' '-L/opt/cray/pe/mpich/8.1.25/ofi/gnu/9.1/lib' '-mtune=generic' '-march=x86-64' '-dumpdir' 'cmTC_635ec.'
gmake[1]: Leaving directory '/global/u2/p/prince93/PR_DNS_Scalar3_FronTier/DNS/CMakeFiles/CMakeTmp'



Parsed C implicit include dir info from above output: rv=done
  found start of include info
  found start of implicit include info
    add: [/opt/cray/pe/mpich/8.1.25/ofi/gnu/9.1/include]
    add: [/opt/nvidia/hpc_sdk/Linux_x86_64/22.7/math_libs/11.7/include]
    add: [/opt/nvidia/hpc_sdk/Linux_x86_64/22.7/cuda/11.7/include]
    add: [/opt/cray/pe/gcc/12.2.0/snos/lib/gcc/x86_64-suse-linux/12.2.0/include]
    add: [/usr/local/include]
    add: [/opt/cray/pe/gcc/12.2.0/snos/include]
    add: [/opt/cray/pe/gcc/12.2.0/snos/lib/gcc/x86_64-suse-linux/12.2.0/include-fixed]
    add: [/usr/include]
  end of search list found
  collapse include dir [/opt/cray/pe/mpich/8.1.25/ofi/gnu/9.1/include] ==> [/opt/cray/pe/mpich/8.1.25/ofi/gnu/9.1/include]
  collapse include dir [/opt/nvidia/hpc_sdk/Linux_x86_64/22.7/math_libs/11.7/include] ==> [/opt/nvidia/hpc_sdk/Linux_x86_64/22.7/math_libs/11.7/include]
  collapse include dir [/opt/nvidia/hpc_sdk/Linux_x86_64/22.7/cuda/11.7/include] ==> [/opt/nvidia/hpc_sdk/Linux_x86_64/22.7/cuda/11.7/include]
  collapse include dir [/opt/cray/pe/gcc/12.2.0/snos/lib/gcc/x86_64-suse-linux/12.2.0/include] ==> [/opt/cray/pe/gcc/12.2.0/snos/lib/gcc/x86_64-suse-linux/12.2.0/include]
  collapse include dir [/usr/local/include] ==> [/usr/local/include]
  collapse include dir [/opt/cray/pe/gcc/12.2.0/snos/include] ==> [/opt/cray/pe/gcc/12.2.0/snos/include]
  collapse include dir [/opt/cray/pe/gcc/12.2.0/snos/lib/gcc/x86_64-suse-linux/12.2.0/include-fixed] ==> [/opt/cray/pe/gcc/12.2.0/snos/lib/gcc/x86_64-suse-linux/12.2.0/include-fixed]
  collapse include dir [/usr/include] ==> [/usr/include]
  implicit include dirs: [/opt/cray/pe/mpich/8.1.25/ofi/gnu/9.1/include;/opt/nvidia/hpc_sdk/Linux_x86_64/22.7/math_libs/11.7/include;/opt/nvidia/hpc_sdk/Linux_x86_64/22.7/cuda/11.7/include;/opt/cray/pe/gcc/12.2.0/snos/lib/gcc/x86_64-suse-linux/12.2.0/include;/usr/local/include;/opt/cray/pe/gcc/12.2.0/snos/include;/opt/cray/pe/gcc/12.2.0/snos/lib/gcc/x86_64-suse-linux/12.2.0/include-fixed;/usr/include]


Parsed C implicit link information from above output:
  link line regex: [^( *|.*[/\])(ld|CMAKE_LINK_STARTFILE-NOTFOUND|([^/\]+-)?ld|collect2)[^/\]*( |$)]
  ignore line: [Change Dir: /global/homes/p/prince93/PR_DNS_Scalar3_FronTier/DNS/CMakeFiles/CMakeTmp]
  ignore line: []
  ignore line: [Run Build Command(s):/usr/bin/gmake -f Makefile cmTC_635ec/fast && /usr/bin/gmake  -f CMakeFiles/cmTC_635ec.dir/build.make CMakeFiles/cmTC_635ec.dir/build]
  ignore line: [gmake[1]: Entering directory '/global/u2/p/prince93/PR_DNS_Scalar3_FronTier/DNS/CMakeFiles/CMakeTmp']
  ignore line: [Building C object CMakeFiles/cmTC_635ec.dir/CMakeCCompilerABI.c.o]
  ignore line: [/opt/cray/pe/mpich/8.1.25/ofi/gnu/9.1/bin/mpicc   -v -o CMakeFiles/cmTC_635ec.dir/CMakeCCompilerABI.c.o -c /global/common/software/nersc/pm-2022q4/spack/linux-sles15-zen/cmake-3.24.3-k5msymx/share/cmake-3.24/Modules/CMakeCCompilerABI.c]
  ignore line: [mpicc for MPICH version 8.1.25]
  ignore line: [Using built-in specs.]
  ignore line: [COLLECT_GCC=/opt/cray/pe/gcc/12.2.0/bin/../snos/bin/gcc]
  ignore line: [Target: x86_64-suse-linux]
  ignore line: [Configured with: ../cpe-gcc-12.2.0-202211182106.97b1815c41a72/configure --prefix=/opt/cray/pe/gcc/12.2.0/snos --disable-nls --libdir=/opt/cray/pe/gcc/12.2.0/snos/lib --enable-languages=c c++ fortran --with-gxx-include-dir=/opt/cray/pe/gcc/12.2.0/snos/include/g++ --with-slibdir=/opt/cray/pe/gcc/12.2.0/snos/lib --with-system-zlib --enable-shared --enable-__cxa_atexit --build=x86_64-suse-linux --with-ppl --with-cloog --disable-multilib]
  ignore line: [Thread model: posix]
  ignore line: [Supported LTO compression algorithms: zlib]
  ignore line: [gcc version 12.2.0 20220819 (HPE) (GCC) ]
  ignore line: [COLLECT_GCC_OPTIONS='-v' '-o' 'CMakeFiles/cmTC_635ec.dir/CMakeCCompilerABI.c.o' '-c' '-I' '/opt/cray/pe/mpich/8.1.25/ofi/gnu/9.1/include' '-mtune=generic' '-march=x86-64' '-dumpdir' 'CMakeFiles/cmTC_635ec.dir/']
  ignore line: [ /opt/cray/pe/gcc/12.2.0/snos/libexec/gcc/x86_64-suse-linux/12.2.0/cc1 -quiet -v -I /opt/cray/pe/mpich/8.1.25/ofi/gnu/9.1/include /global/common/software/nersc/pm-2022q4/spack/linux-sles15-zen/cmake-3.24.3-k5msymx/share/cmake-3.24/Modules/CMakeCCompilerABI.c -quiet -dumpdir CMakeFiles/cmTC_635ec.dir/ -dumpbase CMakeCCompilerABI.c.c -dumpbase-ext .c -mtune=generic -march=x86-64 -version -o /tmp/cc7ZSazV.s]
  ignore line: [GNU C17 (GCC) version 12.2.0 20220819 (HPE) (x86_64-suse-linux)]
  ignore line: [	compiled by GNU C version 12.2.0 20220819 (HPE)  GMP version 6.0.0  MPFR version 3.1.3  MPC version 1.0.3  isl version isl-0.15-GMP]
  ignore line: []
  ignore line: [GGC heuristics: --param ggc-min-expand=100 --param ggc-min-heapsize=131072]
  ignore line: [ignoring nonexistent directory "/opt/cray/pe/gcc/12.2.0/snos/lib/gcc/x86_64-suse-linux/12.2.0/../../../../x86_64-suse-linux/include"]
  ignore line: [#include "..." search starts here:]
  ignore line: [#include <...> search starts here:]
  ignore line: [ /opt/cray/pe/mpich/8.1.25/ofi/gnu/9.1/include]
  ignore line: [ /opt/nvidia/hpc_sdk/Linux_x86_64/22.7/math_libs/11.7/include]
  ignore line: [ /opt/nvidia/hpc_sdk/Linux_x86_64/22.7/cuda/11.7/include]
  ignore line: [ /opt/cray/pe/gcc/12.2.0/snos/lib/gcc/x86_64-suse-linux/12.2.0/include]
  ignore line: [ /usr/local/include]
  ignore line: [ /opt/cray/pe/gcc/12.2.0/snos/include]
  ignore line: [ /opt/cray/pe/gcc/12.2.0/snos/lib/gcc/x86_64-suse-linux/12.2.0/include-fixed]
  ignore line: [ /usr/include]
  ignore line: [End of search list.]
  ignore line: [GNU C17 (GCC) version 12.2.0 20220819 (HPE) (x86_64-suse-linux)]
  ignore line: [	compiled by GNU C version 12.2.0 20220819 (HPE)  GMP version 6.0.0  MPFR version 3.1.3  MPC version 1.0.3  isl version isl-0.15-GMP]
  ignore line: []
  ignore line: [GGC heuristics: --param ggc-min-expand=100 --param ggc-min-heapsize=131072]
  ignore line: [Compiler executable checksum: 2c7f1a5d32ef7d812b1411e00490b8b1]
  ignore line: [COLLECT_GCC_OPTIONS='-v' '-o' 'CMakeFiles/cmTC_635ec.dir/CMakeCCompilerABI.c.o' '-c' '-I' '/opt/cray/pe/mpich/8.1.25/ofi/gnu/9.1/include' '-mtune=generic' '-march=x86-64' '-dumpdir' 'CMakeFiles/cmTC_635ec.dir/']
  ignore line: [ as -v -I /opt/cray/pe/mpich/8.1.25/ofi/gnu/9.1/include --64 -o CMakeFiles/cmTC_635ec.dir/CMakeCCompilerABI.c.o /tmp/cc7ZSazV.s]
  ignore line: [GNU assembler version 2.41.0 (x86_64-suse-linux) using BFD version (GNU Binutils]
  ignore line: [ SUSE Linux Enterprise 15) 2.41.0.20230908-150100.7.46]
  ignore line: [COMPILER_PATH=/opt/cray/pe/gcc/12.2.0/snos/libexec/gcc/x86_64-suse-linux/12.2.0/:/opt/cray/pe/gcc/12.2.0/snos/libexec/gcc/x86_64-suse-linux/12.2.0/:/opt/cray/pe/gcc/12.2.0/snos/libexec/gcc/x86_64-suse-linux/:/opt/cray/pe/gcc/12.2.0/snos/lib/gcc/x86_64-suse-linux/12.2.0/:/opt/cray/pe/gcc/12.2.0/snos/lib/gcc/x86_64-suse-linux/]
  ignore line: [LIBRARY_PATH=/opt/cray/pe/gcc/12.2.0/snos/lib/gcc/x86_64-suse-linux/12.2.0/:/opt/cray/pe/gcc/12.2.0/snos/lib/gcc/x86_64-suse-linux/12.2.0/../../../../lib64/:/lib/../lib64/:/usr/lib/../lib64/:/opt/cray/pe/gcc/12.2.0/snos/lib/gcc/x86_64-suse-linux/12.2.0/../../../:/lib/:/usr/lib/]
  ignore line: [COLLECT_GCC_OPTIONS='-v' '-o' 'CMakeFiles/cmTC_635ec.dir/CMakeCCompilerABI.c.o' '-c' '-I' '/opt/cray/pe/mpich/8.1.25/ofi/gnu/9.1/include' '-mtune=generic' '-march=x86-64' '-dumpdir' 'CMakeFiles/cmTC_635ec.dir/CMakeCCompilerABI.c.']
  ignore line: [Linking C executable cmTC_635ec]
  ignore line: [/global/common/software/nersc/pm-2022q4/spack/linux-sles15-zen/cmake-3.24.3-k5msymx/bin/cmake -E cmake_link_script CMakeFiles/cmTC_635ec.dir/link.txt --verbose=1]
  ignore line: [/opt/cray/pe/mpich/8.1.25/ofi/gnu/9.1/bin/mpicc  -v CMakeFiles/cmTC_635ec.dir/CMakeCCompilerABI.c.o -o cmTC_635ec ]
  ignore line: [mpicc for MPICH version 8.1.25]
  ignore line: [Using built-in specs.]
  ignore line: [COLLECT_GCC=/opt/cray/pe/gcc/12.2.0/bin/../snos/bin/gcc]
  ignore line: [COLLECT_LTO_WRAPPER=/opt/cray/pe/gcc/12.2.0/snos/libexec/gcc/x86_64-suse-linux/12.2.0/lto-wrapper]
  ignore line: [Target: x86_64-suse-linux]
  ignore line: [Configured with: ../cpe-gcc-12.2.0-202211182106.97b1815c41a72/configure --prefix=/opt/cray/pe/gcc/12.2.0/snos --disable-nls --libdir=/opt/cray/pe/gcc/12.2.0/snos/lib --enable-languages=c c++ fortran --with-gxx-include-dir=/opt/cray/pe/gcc/12.2.0/snos/include/g++ --with-slibdir=/opt/cray/pe/gcc/12.2.0/snos/lib --with-system-zlib --enable-shared --enable-__cxa_atexit --build=x86_64-suse-linux --with-ppl --with-cloog --disable-multilib]
  ignore line: [Thread model: posix]
  ignore line: [Supported LTO compression algorithms: zlib]
  ignore line: [gcc version 12.2.0 20220819 (HPE) (GCC) ]
  ignore line: [COMPILER_PATH=/opt/cray/pe/gcc/12.2.0/snos/libexec/gcc/x86_64-suse-linux/12.2.0/:/opt/cray/pe/gcc/12.2.0/snos/libexec/gcc/x86_64-suse-linux/12.2.0/:/opt/cray/pe/gcc/12.2.0/snos/libexec/gcc/x86_64-suse-linux/:/opt/cray/pe/gcc/12.2.0/snos/lib/gcc/x86_64-suse-linux/12.2.0/:/opt/cray/pe/gcc/12.2.0/snos/lib/gcc/x86_64-suse-linux/]
  ignore line: [LIBRARY_PATH=/opt/cray/pe/gcc/12.2.0/snos/lib/gcc/x86_64-suse-linux/12.2.0/:/opt/cray/pe/gcc/12.2.0/snos/lib/gcc/x86_64-suse-linux/12.2.0/../../../../lib64/:/lib/../lib64/:/usr/lib/../lib64/:/opt/cray/pe/gcc/12.2.0/snos/lib/gcc/x86_64-suse-linux/12.2.0/../../../:/lib/:/usr/lib/]
  ignore line: [COLLECT_GCC_OPTIONS='-v' '-o' 'cmTC_635ec' '-I' '/opt/cray/pe/mpich/8.1.25/ofi/gnu/9.1/include' '-L/opt/cray/pe/mpich/8.1.25/ofi/gnu/9.1/lib' '-mtune=generic' '-march=x86-64' '-dumpdir' 'cmTC_635ec.']
  link line: [ /opt/cray/pe/gcc/12.2.0/snos/libexec/gcc/x86_64-suse-linux/12.2.0/collect2 -plugin /opt/cray/pe/gcc/12.2.0/snos/libexec/gcc/x86_64-suse-linux/12.2.0/liblto_plugin.so -plugin-opt=/opt/cray/pe/gcc/12.2.0/snos/libexec/gcc/x86_64-suse-linux/12.2.0/lto-wrapper -plugin-opt=-fresolution=/tmp/cc69Ti2S.res -plugin-opt=-pass-through=-lgcc -plugin-opt=-pass-through=-lgcc_s -plugin-opt=-pass-through=-lc -plugin-opt=-pass-through=-lgcc -plugin-opt=-pass-through=-lgcc_s --eh-frame-hdr -m elf_x86_64 -dynamic-linker /lib64/ld-linux-x86-64.so.2 -o cmTC_635ec /usr/lib/../lib64/crt1.o /usr/lib/../lib64/crti.o /opt/cray/pe/gcc/12.2.0/snos/lib/gcc/x86_64-suse-linux/12.2.0/crtbegin.o -L/opt/cray/pe/mpich/8.1.25/ofi/gnu/9.1/lib -L/opt/cray/pe/gcc/12.2.0/snos/lib/gcc/x86_64-suse-linux/12.2.0 -L/opt/cray/pe/gcc/12.2.0/snos/lib/gcc/x86_64-suse-linux/12.2.0/../../../../lib64 -L/lib/../lib64 -L/usr/lib/../lib64 -L/opt/cray/pe/gcc/12.2.0/snos/lib/gcc/x86_64-suse-linux/12.2.0/../../.. CMakeFiles/cmTC_635ec.dir/CMakeCCompilerABI.c.o -lmpi_gnu_91 -lgcc --push-state --as-needed -lgcc_s --pop-state -lc -lgcc --push-state --as-needed -lgcc_s --pop-state /opt/cray/pe/gcc/12.2.0/snos/lib/gcc/x86_64-suse-linux/12.2.0/crtend.o /usr/lib/../lib64/crtn.o]
    arg [/opt/cray/pe/gcc/12.2.0/snos/libexec/gcc/x86_64-suse-linux/12.2.0/collect2] ==> ignore
    arg [-plugin] ==> ignore
    arg [/opt/cray/pe/gcc/12.2.0/snos/libexec/gcc/x86_64-suse-linux/12.2.0/liblto_plugin.so] ==> ignore
    arg [-plugin-opt=/opt/cray/pe/gcc/12.2.0/snos/libexec/gcc/x86_64-suse-linux/12.2.0/lto-wrapper] ==> ignore
    arg [-plugin-opt=-fresolution=/tmp/cc69Ti2S.res] ==> ignore
    arg [-plugin-opt=-pass-through=-lgcc] ==> ignore
    arg [-plugin-opt=-pass-through=-lgcc_s] ==> ignore
    arg [-plugin-opt=-pass-through=-lc] ==> ignore
    arg [-plugin-opt=-pass-through=-lgcc] ==> ignore
    arg [-plugin-opt=-pass-through=-lgcc_s] ==> ignore
    arg [--eh-frame-hdr] ==> ignore
    arg [-m] ==> ignore
    arg [elf_x86_64] ==> ignore
    arg [-dynamic-linker] ==> ignore
    arg [/lib64/ld-linux-x86-64.so.2] ==> ignore
    arg [-o] ==> ignore
    arg [cmTC_635ec] ==> ignore
    arg [/usr/lib/../lib64/crt1.o] ==> obj [/usr/lib/../lib64/crt1.o]
    arg [/usr/lib/../lib64/crti.o] ==> obj [/usr/lib/../lib64/crti.o]
    arg [/opt/cray/pe/gcc/12.2.0/snos/lib/gcc/x86_64-suse-linux/12.2.0/crtbegin.o] ==> obj [/opt/cray/pe/gcc/12.2.0/snos/lib/gcc/x86_64-suse-linux/12.2.0/crtbegin.o]
    arg [-L/opt/cray/pe/mpich/8.1.25/ofi/gnu/9.1/lib] ==> dir [/opt/cray/pe/mpich/8.1.25/ofi/gnu/9.1/lib]
    arg [-L/opt/cray/pe/gcc/12.2.0/snos/lib/gcc/x86_64-suse-linux/12.2.0] ==> dir [/opt/cray/pe/gcc/12.2.0/snos/lib/gcc/x86_64-suse-linux/12.2.0]
    arg [-L/opt/cray/pe/gcc/12.2.0/snos/lib/gcc/x86_64-suse-linux/12.2.0/../../../../lib64] ==> dir [/opt/cray/pe/gcc/12.2.0/snos/lib/gcc/x86_64-suse-linux/12.2.0/../../../../lib64]
    arg [-L/lib/../lib64] ==> dir [/lib/../lib64]
    arg [-L/usr/lib/../lib64] ==> dir [/usr/lib/../lib64]
    arg [-L/opt/cray/pe/gcc/12.2.0/snos/lib/gcc/x86_64-suse-linux/12.2.0/../../..] ==> dir [/opt/cray/pe/gcc/12.2.0/snos/lib/gcc/x86_64-suse-linux/12.2.0/../../..]
    arg [CMakeFiles/cmTC_635ec.dir/CMakeCCompilerABI.c.o] ==> ignore
    arg [-lmpi_gnu_91] ==> lib [mpi_gnu_91]
    arg [-lgcc] ==> lib [gcc]
    arg [--push-state] ==> ignore
    arg [--as-needed] ==> ignore
    arg [-lgcc_s] ==> lib [gcc_s]
    arg [--pop-state] ==> ignore
    arg [-lc] ==> lib [c]
    arg [-lgcc] ==> lib [gcc]
    arg [--push-state] ==> ignore
    arg [--as-needed] ==> ignore
    arg [-lgcc_s] ==> lib [gcc_s]
    arg [--pop-state] ==> ignore
    arg [/opt/cray/pe/gcc/12.2.0/snos/lib/gcc/x86_64-suse-linux/12.2.0/crtend.o] ==> obj [/opt/cray/pe/gcc/12.2.0/snos/lib/gcc/x86_64-suse-linux/12.2.0/crtend.o]
    arg [/usr/lib/../lib64/crtn.o] ==> obj [/usr/lib/../lib64/crtn.o]
  collapse obj [/usr/lib/../lib64/crt1.o] ==> [/usr/lib64/crt1.o]
  collapse obj [/usr/lib/../lib64/crti.o] ==> [/usr/lib64/crti.o]
  collapse obj [/usr/lib/../lib64/crtn.o] ==> [/usr/lib64/crtn.o]
  collapse library dir [/opt/cray/pe/mpich/8.1.25/ofi/gnu/9.1/lib] ==> [/opt/cray/pe/mpich/8.1.25/ofi/gnu/9.1/lib]
  collapse library dir [/opt/cray/pe/gcc/12.2.0/snos/lib/gcc/x86_64-suse-linux/12.2.0] ==> [/opt/cray/pe/gcc/12.2.0/snos/lib/gcc/x86_64-suse-linux/12.2.0]
  collapse library dir [/opt/cray/pe/gcc/12.2.0/snos/lib/gcc/x86_64-suse-linux/12.2.0/../../../../lib64] ==> [/opt/cray/pe/gcc/12.2.0/snos/lib64]
  collapse library dir [/lib/../lib64] ==> [/lib64]
  collapse library dir [/usr/lib/../lib64] ==> [/usr/lib64]
  collapse library dir [/opt/cray/pe/gcc/12.2.0/snos/lib/gcc/x86_64-suse-linux/12.2.0/../../..] ==> [/opt/cray/pe/gcc/12.2.0/snos/lib]
  implicit libs: [mpi_gnu_91;gcc;gcc_s;c;gcc;gcc_s]
  implicit objs: [/usr/lib64/crt1.o;/usr/lib64/crti.o;/opt/cray/pe/gcc/12.2.0/snos/lib/gcc/x86_64-suse-linux/12.2.0/crtbegin.o;/opt/cray/pe/gcc/12.2.0/snos/lib/gcc/x86_64-suse-linux/12.2.0/crtend.o;/usr/lib64/crtn.o]
  implicit dirs: [/opt/cray/pe/mpich/8.1.25/ofi/gnu/9.1/lib;/opt/cray/pe/gcc/12.2.0/snos/lib/gcc/x86_64-suse-linux/12.2.0;/opt/cray/pe/gcc/12.2.0/snos/lib64;/lib64;/usr/lib64;/opt/cray/pe/gcc/12.2.0/snos/lib]
  implicit fwks: []


Detecting CXX compiler ABI info compiled with the following output:
Change Dir: /global/homes/p/prince93/PR_DNS_Scalar3_FronTier/DNS/CMakeFiles/CMakeTmp

Run Build Command(s):/usr/bin/gmake -f Makefile cmTC_08810/fast && /usr/bin/gmake  -f CMakeFiles/cmTC_08810.dir/build.make CMakeFiles/cmTC_08810.dir/build
gmake[1]: Entering directory '/global/u2/p/prince93/PR_DNS_Scalar3_FronTier/DNS/CMakeFiles/CMakeTmp'
Building CXX object CMakeFiles/cmTC_08810.dir/CMakeCXXCompilerABI.cpp.o
/opt/cray/pe/mpich/8.1.25/ofi/gnu/9.1/bin/mpic++   -v -o CMakeFiles/cmTC_08810.dir/CMakeCXXCompilerABI.cpp.o -c /global/common/software/nersc/pm-2022q4/spack/linux-sles15-zen/cmake-3.24.3-k5msymx/share/cmake-3.24/Modules/CMakeCXXCompilerABI.cpp
mpicxx for MPICH version 8.1.25
Using built-in specs.
COLLECT_GCC=/opt/cray/pe/gcc/12.2.0/bin/../snos/bin/g++
Target: x86_64-suse-linux
Configured with: ../cpe-gcc-12.2.0-202211182106.97b1815c41a72/configure --prefix=/opt/cray/pe/gcc/12.2.0/snos --disable-nls --libdir=/opt/cray/pe/gcc/12.2.0/snos/lib --enable-languages=c,c++,fortran --with-gxx-include-dir=/opt/cray/pe/gcc/12.2.0/snos/include/g++ --with-slibdir=/opt/cray/pe/gcc/12.2.0/snos/lib --with-system-zlib --enable-shared --enable-__cxa_atexit --build=x86_64-suse-linux --with-ppl --with-cloog --disable-multilib
Thread model: posix
Supported LTO compression algorithms: zlib
gcc version 12.2.0 20220819 (HPE) (GCC) 
COLLECT_GCC_OPTIONS='-v' '-o' 'CMakeFiles/cmTC_08810.dir/CMakeCXXCompilerABI.cpp.o' '-c' '-I' '/opt/cray/pe/mpich/8.1.25/ofi/gnu/9.1/include' '-shared-libgcc' '-mtune=generic' '-march=x86-64' '-dumpdir' 'CMakeFiles/cmTC_08810.dir/'
 /opt/cray/pe/gcc/12.2.0/snos/libexec/gcc/x86_64-suse-linux/12.2.0/cc1plus -quiet -v -I /opt/cray/pe/mpich/8.1.25/ofi/gnu/9.1/include -D_GNU_SOURCE /global/common/software/nersc/pm-2022q4/spack/linux-sles15-zen/cmake-3.24.3-k5msymx/share/cmake-3.24/Modules/CMakeCXXCompilerABI.cpp -quiet -dumpdir CMakeFiles/cmTC_08810.dir/ -dumpbase CMakeCXXCompilerABI.cpp.cpp -dumpbase-ext .cpp -mtune=generic -march=x86-64 -version -o /tmp/cceAA8i9.s
GNU C++17 (GCC) version 12.2.0 20220819 (HPE) (x86_64-suse-linux)
	compiled by GNU C version 12.2.0 20220819 (HPE), GMP version 6.0.0, MPFR version 3.1.3, MPC version 1.0.3, isl version isl-0.15-GMP

GGC heuristics: --param ggc-min-expand=100 --param ggc-min-heapsize=131072
ignoring nonexistent directory "/opt/cray/pe/gcc/12.2.0/snos/lib/gcc/x86_64-suse-linux/12.2.0/../../../../x86_64-suse-linux/include"
#include "..." search starts here:
#include <...> search starts here:
 /opt/cray/pe/mpich/8.1.25/ofi/gnu/9.1/include
 /opt/nvidia/hpc_sdk/Linux_x86_64/22.7/math_libs/11.7/include
 /opt/nvidia/hpc_sdk/Linux_x86_64/22.7/cuda/11.7/include
 /opt/cray/pe/gcc/12.2.0/snos/include/g++
 /opt/cray/pe/gcc/12.2.0/snos/include/g++/x86_64-suse-linux
 /opt/cray/pe/gcc/12.2.0/snos/include/g++/backward
 /opt/cray/pe/gcc/12.2.0/snos/lib/gcc/x86_64-suse-linux/12.2.0/include
 /usr/local/include
 /opt/cray/pe/gcc/12.2.0/snos/include
 /opt/cray/pe/gcc/12.2.0/snos/lib/gcc/x86_64-suse-linux/12.2.0/include-fixed
 /usr/include
End of search list.
GNU C++17 (GCC) version 12.2.0 20220819 (HPE) (x86_64-suse-linux)
	compiled by GNU C version 12.2.0 20220819 (HPE), GMP version 6.0.0, MPFR version 3.1.3, MPC version 1.0.3, isl version isl-0.15-GMP

GGC heuristics: --param ggc-min-expand=100 --param ggc-min-heapsize=131072
Compiler executable checksum: 58e344dd6573bc9f3b4e5d4016cd9bb8
COLLECT_GCC_OPTIONS='-v' '-o' 'CMakeFiles/cmTC_08810.dir/CMakeCXXCompilerABI.cpp.o' '-c' '-I' '/opt/cray/pe/mpich/8.1.25/ofi/gnu/9.1/include' '-shared-libgcc' '-mtune=generic' '-march=x86-64' '-dumpdir' 'CMakeFiles/cmTC_08810.dir/'
 as -v -I /opt/cray/pe/mpich/8.1.25/ofi/gnu/9.1/include --64 -o CMakeFiles/cmTC_08810.dir/CMakeCXXCompilerABI.cpp.o /tmp/cceAA8i9.s
GNU assembler version 2.41.0 (x86_64-suse-linux) using BFD version (GNU Binutils; SUSE Linux Enterprise 15) 2.41.0.20230908-150100.7.46
COMPILER_PATH=/opt/cray/pe/gcc/12.2.0/snos/libexec/gcc/x86_64-suse-linux/12.2.0/:/opt/cray/pe/gcc/12.2.0/snos/libexec/gcc/x86_64-suse-linux/12.2.0/:/opt/cray/pe/gcc/12.2.0/snos/libexec/gcc/x86_64-suse-linux/:/opt/cray/pe/gcc/12.2.0/snos/lib/gcc/x86_64-suse-linux/12.2.0/:/opt/cray/pe/gcc/12.2.0/snos/lib/gcc/x86_64-suse-linux/
LIBRARY_PATH=/opt/cray/pe/gcc/12.2.0/snos/lib/gcc/x86_64-suse-linux/12.2.0/:/opt/cray/pe/gcc/12.2.0/snos/lib/gcc/x86_64-suse-linux/12.2.0/../../../../lib64/:/lib/../lib64/:/usr/lib/../lib64/:/opt/cray/pe/gcc/12.2.0/snos/lib/gcc/x86_64-suse-linux/12.2.0/../../../:/lib/:/usr/lib/
COLLECT_GCC_OPTIONS='-v' '-o' 'CMakeFiles/cmTC_08810.dir/CMakeCXXCompilerABI.cpp.o' '-c' '-I' '/opt/cray/pe/mpich/8.1.25/ofi/gnu/9.1/include' '-shared-libgcc' '-mtune=generic' '-march=x86-64' '-dumpdir' 'CMakeFiles/cmTC_08810.dir/CMakeCXXCompilerABI.cpp.'
Linking CXX executable cmTC_08810
/global/common/software/nersc/pm-2022q4/spack/linux-sles15-zen/cmake-3.24.3-k5msymx/bin/cmake -E cmake_link_script CMakeFiles/cmTC_08810.dir/link.txt --verbose=1
/opt/cray/pe/mpich/8.1.25/ofi/gnu/9.1/bin/mpic++  -v CMakeFiles/cmTC_08810.dir/CMakeCXXCompilerABI.cpp.o -o cmTC_08810 
mpicxx for MPICH version 8.1.25
Using built-in specs.
COLLECT_GCC=/opt/cray/pe/gcc/12.2.0/bin/../snos/bin/g++
COLLECT_LTO_WRAPPER=/opt/cray/pe/gcc/12.2.0/snos/libexec/gcc/x86_64-suse-linux/12.2.0/lto-wrapper
Target: x86_64-suse-linux
Configured with: ../cpe-gcc-12.2.0-202211182106.97b1815c41a72/configure --prefix=/opt/cray/pe/gcc/12.2.0/snos --disable-nls --libdir=/opt/cray/pe/gcc/12.2.0/snos/lib --enable-languages=c,c++,fortran --with-gxx-include-dir=/opt/cray/pe/gcc/12.2.0/snos/include/g++ --with-slibdir=/opt/cray/pe/gcc/12.2.0/snos/lib --with-system-zlib --enable-shared --enable-__cxa_atexit --build=x86_64-suse-linux --with-ppl --with-cloog --disable-multilib
Thread model: posix
Supported LTO compression algorithms: zlib
gcc version 12.2.0 20220819 (HPE) (GCC) 
COMPILER_PATH=/opt/cray/pe/gcc/12.2.0/snos/libexec/gcc/x86_64-suse-linux/12.2.0/:/opt/cray/pe/gcc/12.2.0/snos/libexec/gcc/x86_64-suse-linux/12.2.0/:/opt/cray/pe/gcc/12.2.0/snos/libexec/gcc/x86_64-suse-linux/:/opt/cray/pe/gcc/12.2.0/snos/lib/gcc/x86_64-suse-linux/12.2.0/:/opt/cray/pe/gcc/12.2.0/snos/lib/gcc/x86_64-suse-linux/
LIBRARY_PATH=/opt/cray/pe/gcc/12.2.0/snos/lib/gcc/x86_64-suse-linux/12.2.0/:/opt/cray/pe/gcc/12.2.0/snos/lib/gcc/x86_64-suse-linux/12.2.0/../../../../lib64/:/lib/../lib64/:/usr/lib/../lib64/:/opt/cray/pe/gcc/12.2.0/snos/lib/gcc/x86_64-suse-linux/12.2.0/../../../:/lib/:/usr/lib/
COLLECT_GCC_OPTIONS='-v' '-o' 'cmTC_08810' '-I' '/opt/cray/pe/mpich/8.1.25/ofi/gnu/9.1/include' '-L/opt/cray/pe/mpich/8.1.25/ofi/gnu/9.1/lib' '-shared-libgcc' '-mtune=generic' '-march=x86-64' '-dumpdir' 'cmTC_08810.'
 /opt/cray/pe/gcc/12.2.0/snos/libexec/gcc/x86_64-suse-linux/12.2.0/collect2 -plugin /opt/cray/pe/gcc/12.2.0/snos/libexec/gcc/x86_64-suse-linux/12.2.0/liblto_plugin.so -plugin-opt=/opt/cray/pe/gcc/12.2.0/snos/libexec/gcc/x86_64-suse-linux/12.2.0/lto-wrapper -plugin-opt=-fresolution=/tmp/ccrlVbE4.res -plugin-opt=-pass-through=-lgcc_s -plugin-opt=-pass-through=-lgcc -plugin-opt=-pass-through=-lc -plugin-opt=-pass-through=-lgcc_s -plugin-opt=-pass-through=-lgcc --eh-frame-hdr -m elf_x86_64 -dynamic-linker /lib64/ld-linux-x86-64.so.2 -o cmTC_08810 /usr/lib/../lib64/crt1.o /usr/lib/../lib64/crti.o /opt/cray/pe/gcc/12.2.0/snos/lib/gcc/x86_64-suse-linux/12.2.0/crtbegin.o -L/opt/cray/pe/mpich/8.1.25/ofi/gnu/9.1/lib -L/opt/cray/pe/gcc/12.2.0/snos/lib/gcc/x86_64-suse-linux/12.2.0 -L/opt/cray/pe/gcc/12.2.0/snos/lib/gcc/x86_64-suse-linux/12.2.0/../../../../lib64 -L/lib/../lib64 -L/usr/lib/../lib64 -L/opt/cray/pe/gcc/12.2.0/snos/lib/gcc/x86_64-suse-linux/12.2.0/../../.. CMakeFiles/cmTC_08810.dir/CMakeCXXCompilerABI.cpp.o -lmpi_gnu_91 -lstdc++ -lm -lgcc_s -lgcc -lc -lgcc_s -lgcc /opt/cray/pe/gcc/12.2.0/snos/lib/gcc/x86_64-suse-linux/12.2.0/crtend.o /usr/lib/../lib64/crtn.o
COLLECT_GCC_OPTIONS='-v' '-o' 'cmTC_08810' '-I' '/opt/cray/pe/mpich/8.1.25/ofi/gnu/9.1/include' '-L/opt/cray/pe/mpich/8.1.25/ofi/gnu/9.1/lib' '-shared-libgcc' '-mtune=generic' '-march=x86-64' '-dumpdir' 'cmTC_08810.'
gmake[1]: Leaving directory '/global/u2/p/prince93/PR_DNS_Scalar3_FronTier/DNS/CMakeFiles/CMakeTmp'



Parsed CXX implicit include dir info from above output: rv=done
  found start of include info
  found start of implicit include info
    add: [/opt/cray/pe/mpich/8.1.25/ofi/gnu/9.1/include]
    add: [/opt/nvidia/hpc_sdk/Linux_x86_64/22.7/math_libs/11.7/include]
    add: [/opt/nvidia/hpc_sdk/Linux_x86_64/22.7/cuda/11.7/include]
    add: [/opt/cray/pe/gcc/12.2.0/snos/include/g++]
    add: [/opt/cray/pe/gcc/12.2.0/snos/include/g++/x86_64-suse-linux]
    add: [/opt/cray/pe/gcc/12.2.0/snos/include/g++/backward]
    add: [/opt/cray/pe/gcc/12.2.0/snos/lib/gcc/x86_64-suse-linux/12.2.0/include]
    add: [/usr/local/include]
    add: [/opt/cray/pe/gcc/12.2.0/snos/include]
    add: [/opt/cray/pe/gcc/12.2.0/snos/lib/gcc/x86_64-suse-linux/12.2.0/include-fixed]
    add: [/usr/include]
  end of search list found
  collapse include dir [/opt/cray/pe/mpich/8.1.25/ofi/gnu/9.1/include] ==> [/opt/cray/pe/mpich/8.1.25/ofi/gnu/9.1/include]
  collapse include dir [/opt/nvidia/hpc_sdk/Linux_x86_64/22.7/math_libs/11.7/include] ==> [/opt/nvidia/hpc_sdk/Linux_x86_64/22.7/math_libs/11.7/include]
  collapse include dir [/opt/nvidia/hpc_sdk/Linux_x86_64/22.7/cuda/11.7/include] ==> [/opt/nvidia/hpc_sdk/Linux_x86_64/22.7/cuda/11.7/include]
  collapse include dir [/opt/cray/pe/gcc/12.2.0/snos/include/g++] ==> [/opt/cray/pe/gcc/12.2.0/snos/include/g++]
  collapse include dir [/opt/cray/pe/gcc/12.2.0/snos/include/g++/x86_64-suse-linux] ==> [/opt/cray/pe/gcc/12.2.0/snos/include/g++/x86_64-suse-linux]
  collapse include dir [/opt/cray/pe/gcc/12.2.0/snos/include/g++/backward] ==> [/opt/cray/pe/gcc/12.2.0/snos/include/g++/backward]
  collapse include dir [/opt/cray/pe/gcc/12.2.0/snos/lib/gcc/x86_64-suse-linux/12.2.0/include] ==> [/opt/cray/pe/gcc/12.2.0/snos/lib/gcc/x86_64-suse-linux/12.2.0/include]
  collapse include dir [/usr/local/include] ==> [/usr/local/include]
  collapse include dir [/opt/cray/pe/gcc/12.2.0/snos/include] ==> [/opt/cray/pe/gcc/12.2.0/snos/include]
  collapse include dir [/opt/cray/pe/gcc/12.2.0/snos/lib/gcc/x86_64-suse-linux/12.2.0/include-fixed] ==> [/opt/cray/pe/gcc/12.2.0/snos/lib/gcc/x86_64-suse-linux/12.2.0/include-fixed]
  collapse include dir [/usr/include] ==> [/usr/include]
  implicit include dirs: [/opt/cray/pe/mpich/8.1.25/ofi/gnu/9.1/include;/opt/nvidia/hpc_sdk/Linux_x86_64/22.7/math_libs/11.7/include;/opt/nvidia/hpc_sdk/Linux_x86_64/22.7/cuda/11.7/include;/opt/cray/pe/gcc/12.2.0/snos/include/g++;/opt/cray/pe/gcc/12.2.0/snos/include/g++/x86_64-suse-linux;/opt/cray/pe/gcc/12.2.0/snos/include/g++/backward;/opt/cray/pe/gcc/12.2.0/snos/lib/gcc/x86_64-suse-linux/12.2.0/include;/usr/local/include;/opt/cray/pe/gcc/12.2.0/snos/include;/opt/cray/pe/gcc/12.2.0/snos/lib/gcc/x86_64-suse-linux/12.2.0/include-fixed;/usr/include]


Parsed CXX implicit link information from above output:
  link line regex: [^( *|.*[/\])(ld|CMAKE_LINK_STARTFILE-NOTFOUND|([^/\]+-)?ld|collect2)[^/\]*( |$)]
  ignore line: [Change Dir: /global/homes/p/prince93/PR_DNS_Scalar3_FronTier/DNS/CMakeFiles/CMakeTmp]
  ignore line: []
  ignore line: [Run Build Command(s):/usr/bin/gmake -f Makefile cmTC_08810/fast && /usr/bin/gmake  -f CMakeFiles/cmTC_08810.dir/build.make CMakeFiles/cmTC_08810.dir/build]
  ignore line: [gmake[1]: Entering directory '/global/u2/p/prince93/PR_DNS_Scalar3_FronTier/DNS/CMakeFiles/CMakeTmp']
  ignore line: [Building CXX object CMakeFiles/cmTC_08810.dir/CMakeCXXCompilerABI.cpp.o]
  ignore line: [/opt/cray/pe/mpich/8.1.25/ofi/gnu/9.1/bin/mpic++   -v -o CMakeFiles/cmTC_08810.dir/CMakeCXXCompilerABI.cpp.o -c /global/common/software/nersc/pm-2022q4/spack/linux-sles15-zen/cmake-3.24.3-k5msymx/share/cmake-3.24/Modules/CMakeCXXCompilerABI.cpp]
  ignore line: [mpicxx for MPICH version 8.1.25]
  ignore line: [Using built-in specs.]
  ignore line: [COLLECT_GCC=/opt/cray/pe/gcc/12.2.0/bin/../snos/bin/g++]
  ignore line: [Target: x86_64-suse-linux]
  ignore line: [Configured with: ../cpe-gcc-12.2.0-202211182106.97b1815c41a72/configure --prefix=/opt/cray/pe/gcc/12.2.0/snos --disable-nls --libdir=/opt/cray/pe/gcc/12.2.0/snos/lib --enable-languages=c c++ fortran --with-gxx-include-dir=/opt/cray/pe/gcc/12.2.0/snos/include/g++ --with-slibdir=/opt/cray/pe/gcc/12.2.0/snos/lib --with-system-zlib --enable-shared --enable-__cxa_atexit --build=x86_64-suse-linux --with-ppl --with-cloog --disable-multilib]
  ignore line: [Thread model: posix]
  ignore line: [Supported LTO compression algorithms: zlib]
  ignore line: [gcc version 12.2.0 20220819 (HPE) (GCC) ]
  ignore line: [COLLECT_GCC_OPTIONS='-v' '-o' 'CMakeFiles/cmTC_08810.dir/CMakeCXXCompilerABI.cpp.o' '-c' '-I' '/opt/cray/pe/mpich/8.1.25/ofi/gnu/9.1/include' '-shared-libgcc' '-mtune=generic' '-march=x86-64' '-dumpdir' 'CMakeFiles/cmTC_08810.dir/']
  ignore line: [ /opt/cray/pe/gcc/12.2.0/snos/libexec/gcc/x86_64-suse-linux/12.2.0/cc1plus -quiet -v -I /opt/cray/pe/mpich/8.1.25/ofi/gnu/9.1/include -D_GNU_SOURCE /global/common/software/nersc/pm-2022q4/spack/linux-sles15-zen/cmake-3.24.3-k5msymx/share/cmake-3.24/Modules/CMakeCXXCompilerABI.cpp -quiet -dumpdir CMakeFiles/cmTC_08810.dir/ -dumpbase CMakeCXXCompilerABI.cpp.cpp -dumpbase-ext .cpp -mtune=generic -march=x86-64 -version -o /tmp/cceAA8i9.s]
  ignore line: [GNU C++17 (GCC) version 12.2.0 20220819 (HPE) (x86_64-suse-linux)]
  ignore line: [	compiled by GNU C version 12.2.0 20220819 (HPE)  GMP version 6.0.0  MPFR version 3.1.3  MPC version 1.0.3  isl version isl-0.15-GMP]
  ignore line: []
  ignore line: [GGC heuristics: --param ggc-min-expand=100 --param ggc-min-heapsize=131072]
  ignore line: [ignoring nonexistent directory "/opt/cray/pe/gcc/12.2.0/snos/lib/gcc/x86_64-suse-linux/12.2.0/../../../../x86_64-suse-linux/include"]
  ignore line: [#include "..." search starts here:]
  ignore line: [#include <...> search starts here:]
  ignore line: [ /opt/cray/pe/mpich/8.1.25/ofi/gnu/9.1/include]
  ignore line: [ /opt/nvidia/hpc_sdk/Linux_x86_64/22.7/math_libs/11.7/include]
  ignore line: [ /opt/nvidia/hpc_sdk/Linux_x86_64/22.7/cuda/11.7/include]
  ignore line: [ /opt/cray/pe/gcc/12.2.0/snos/include/g++]
  ignore line: [ /opt/cray/pe/gcc/12.2.0/snos/include/g++/x86_64-suse-linux]
  ignore line: [ /opt/cray/pe/gcc/12.2.0/snos/include/g++/backward]
  ignore line: [ /opt/cray/pe/gcc/12.2.0/snos/lib/gcc/x86_64-suse-linux/12.2.0/include]
  ignore line: [ /usr/local/include]
  ignore line: [ /opt/cray/pe/gcc/12.2.0/snos/include]
  ignore line: [ /opt/cray/pe/gcc/12.2.0/snos/lib/gcc/x86_64-suse-linux/12.2.0/include-fixed]
  ignore line: [ /usr/include]
  ignore line: [End of search list.]
  ignore line: [GNU C++17 (GCC) version 12.2.0 20220819 (HPE) (x86_64-suse-linux)]
  ignore line: [	compiled by GNU C version 12.2.0 20220819 (HPE)  GMP version 6.0.0  MPFR version 3.1.3  MPC version 1.0.3  isl version isl-0.15-GMP]
  ignore line: []
  ignore line: [GGC heuristics: --param ggc-min-expand=100 --param ggc-min-heapsize=131072]
  ignore line: [Compiler executable checksum: 58e344dd6573bc9f3b4e5d4016cd9bb8]
  ignore line: [COLLECT_GCC_OPTIONS='-v' '-o' 'CMakeFiles/cmTC_08810.dir/CMakeCXXCompilerABI.cpp.o' '-c' '-I' '/opt/cray/pe/mpich/8.1.25/ofi/gnu/9.1/include' '-shared-libgcc' '-mtune=generic' '-march=x86-64' '-dumpdir' 'CMakeFiles/cmTC_08810.dir/']
  ignore line: [ as -v -I /opt/cray/pe/mpich/8.1.25/ofi/gnu/9.1/include --64 -o CMakeFiles/cmTC_08810.dir/CMakeCXXCompilerABI.cpp.o /tmp/cceAA8i9.s]
  ignore line: [GNU assembler version 2.41.0 (x86_64-suse-linux) using BFD version (GNU Binutils]
  ignore line: [ SUSE Linux Enterprise 15) 2.41.0.20230908-150100.7.46]
  ignore line: [COMPILER_PATH=/opt/cray/pe/gcc/12.2.0/snos/libexec/gcc/x86_64-suse-linux/12.2.0/:/opt/cray/pe/gcc/12.2.0/snos/libexec/gcc/x86_64-suse-linux/12.2.0/:/opt/cray/pe/gcc/12.2.0/snos/libexec/gcc/x86_64-suse-linux/:/opt/cray/pe/gcc/12.2.0/snos/lib/gcc/x86_64-suse-linux/12.2.0/:/opt/cray/pe/gcc/12.2.0/snos/lib/gcc/x86_64-suse-linux/]
  ignore line: [LIBRARY_PATH=/opt/cray/pe/gcc/12.2.0/snos/lib/gcc/x86_64-suse-linux/12.2.0/:/opt/cray/pe/gcc/12.2.0/snos/lib/gcc/x86_64-suse-linux/12.2.0/../../../../lib64/:/lib/../lib64/:/usr/lib/../lib64/:/opt/cray/pe/gcc/12.2.0/snos/lib/gcc/x86_64-suse-linux/12.2.0/../../../:/lib/:/usr/lib/]
  ignore line: [COLLECT_GCC_OPTIONS='-v' '-o' 'CMakeFiles/cmTC_08810.dir/CMakeCXXCompilerABI.cpp.o' '-c' '-I' '/opt/cray/pe/mpich/8.1.25/ofi/gnu/9.1/include' '-shared-libgcc' '-mtune=generic' '-march=x86-64' '-dumpdir' 'CMakeFiles/cmTC_08810.dir/CMakeCXXCompilerABI.cpp.']
  ignore line: [Linking CXX executable cmTC_08810]
  ignore line: [/global/common/software/nersc/pm-2022q4/spack/linux-sles15-zen/cmake-3.24.3-k5msymx/bin/cmake -E cmake_link_script CMakeFiles/cmTC_08810.dir/link.txt --verbose=1]
  ignore line: [/opt/cray/pe/mpich/8.1.25/ofi/gnu/9.1/bin/mpic++  -v CMakeFiles/cmTC_08810.dir/CMakeCXXCompilerABI.cpp.o -o cmTC_08810 ]
  ignore line: [mpicxx for MPICH version 8.1.25]
  ignore line: [Using built-in specs.]
  ignore line: [COLLECT_GCC=/opt/cray/pe/gcc/12.2.0/bin/../snos/bin/g++]
  ignore line: [COLLECT_LTO_WRAPPER=/opt/cray/pe/gcc/12.2.0/snos/libexec/gcc/x86_64-suse-linux/12.2.0/lto-wrapper]
  ignore line: [Target: x86_64-suse-linux]
  ignore line: [Configured with: ../cpe-gcc-12.2.0-202211182106.97b1815c41a72/configure --prefix=/opt/cray/pe/gcc/12.2.0/snos --disable-nls --libdir=/opt/cray/pe/gcc/12.2.0/snos/lib --enable-languages=c c++ fortran --with-gxx-include-dir=/opt/cray/pe/gcc/12.2.0/snos/include/g++ --with-slibdir=/opt/cray/pe/gcc/12.2.0/snos/lib --with-system-zlib --enable-shared --enable-__cxa_atexit --build=x86_64-suse-linux --with-ppl --with-cloog --disable-multilib]
  ignore line: [Thread model: posix]
  ignore line: [Supported LTO compression algorithms: zlib]
  ignore line: [gcc version 12.2.0 20220819 (HPE) (GCC) ]
  ignore line: [COMPILER_PATH=/opt/cray/pe/gcc/12.2.0/snos/libexec/gcc/x86_64-suse-linux/12.2.0/:/opt/cray/pe/gcc/12.2.0/snos/libexec/gcc/x86_64-suse-linux/12.2.0/:/opt/cray/pe/gcc/12.2.0/snos/libexec/gcc/x86_64-suse-linux/:/opt/cray/pe/gcc/12.2.0/snos/lib/gcc/x86_64-suse-linux/12.2.0/:/opt/cray/pe/gcc/12.2.0/snos/lib/gcc/x86_64-suse-linux/]
  ignore line: [LIBRARY_PATH=/opt/cray/pe/gcc/12.2.0/snos/lib/gcc/x86_64-suse-linux/12.2.0/:/opt/cray/pe/gcc/12.2.0/snos/lib/gcc/x86_64-suse-linux/12.2.0/../../../../lib64/:/lib/../lib64/:/usr/lib/../lib64/:/opt/cray/pe/gcc/12.2.0/snos/lib/gcc/x86_64-suse-linux/12.2.0/../../../:/lib/:/usr/lib/]
  ignore line: [COLLECT_GCC_OPTIONS='-v' '-o' 'cmTC_08810' '-I' '/opt/cray/pe/mpich/8.1.25/ofi/gnu/9.1/include' '-L/opt/cray/pe/mpich/8.1.25/ofi/gnu/9.1/lib' '-shared-libgcc' '-mtune=generic' '-march=x86-64' '-dumpdir' 'cmTC_08810.']
  link line: [ /opt/cray/pe/gcc/12.2.0/snos/libexec/gcc/x86_64-suse-linux/12.2.0/collect2 -plugin /opt/cray/pe/gcc/12.2.0/snos/libexec/gcc/x86_64-suse-linux/12.2.0/liblto_plugin.so -plugin-opt=/opt/cray/pe/gcc/12.2.0/snos/libexec/gcc/x86_64-suse-linux/12.2.0/lto-wrapper -plugin-opt=-fresolution=/tmp/ccrlVbE4.res -plugin-opt=-pass-through=-lgcc_s -plugin-opt=-pass-through=-lgcc -plugin-opt=-pass-through=-lc -plugin-opt=-pass-through=-lgcc_s -plugin-opt=-pass-through=-lgcc --eh-frame-hdr -m elf_x86_64 -dynamic-linker /lib64/ld-linux-x86-64.so.2 -o cmTC_08810 /usr/lib/../lib64/crt1.o /usr/lib/../lib64/crti.o /opt/cray/pe/gcc/12.2.0/snos/lib/gcc/x86_64-suse-linux/12.2.0/crtbegin.o -L/opt/cray/pe/mpich/8.1.25/ofi/gnu/9.1/lib -L/opt/cray/pe/gcc/12.2.0/snos/lib/gcc/x86_64-suse-linux/12.2.0 -L/opt/cray/pe/gcc/12.2.0/snos/lib/gcc/x86_64-suse-linux/12.2.0/../../../../lib64 -L/lib/../lib64 -L/usr/lib/../lib64 -L/opt/cray/pe/gcc/12.2.0/snos/lib/gcc/x86_64-suse-linux/12.2.0/../../.. CMakeFiles/cmTC_08810.dir/CMakeCXXCompilerABI.cpp.o -lmpi_gnu_91 -lstdc++ -lm -lgcc_s -lgcc -lc -lgcc_s -lgcc /opt/cray/pe/gcc/12.2.0/snos/lib/gcc/x86_64-suse-linux/12.2.0/crtend.o /usr/lib/../lib64/crtn.o]
    arg [/opt/cray/pe/gcc/12.2.0/snos/libexec/gcc/x86_64-suse-linux/12.2.0/collect2] ==> ignore
    arg [-plugin] ==> ignore
    arg [/opt/cray/pe/gcc/12.2.0/snos/libexec/gcc/x86_64-suse-linux/12.2.0/liblto_plugin.so] ==> ignore
    arg [-plugin-opt=/opt/cray/pe/gcc/12.2.0/snos/libexec/gcc/x86_64-suse-linux/12.2.0/lto-wrapper] ==> ignore
    arg [-plugin-opt=-fresolution=/tmp/ccrlVbE4.res] ==> ignore
    arg [-plugin-opt=-pass-through=-lgcc_s] ==> ignore
    arg [-plugin-opt=-pass-through=-lgcc] ==> ignore
    arg [-plugin-opt=-pass-through=-lc] ==> ignore
    arg [-plugin-opt=-pass-through=-lgcc_s] ==> ignore
    arg [-plugin-opt=-pass-through=-lgcc] ==> ignore
    arg [--eh-frame-hdr] ==> ignore
    arg [-m] ==> ignore
    arg [elf_x86_64] ==> ignore
    arg [-dynamic-linker] ==> ignore
    arg [/lib64/ld-linux-x86-64.so.2] ==> ignore
    arg [-o] ==> ignore
    arg [cmTC_08810] ==> ignore
    arg [/usr/lib/../lib64/crt1.o] ==> obj [/usr/lib/../lib64/crt1.o]
    arg [/usr/lib/../lib64/crti.o] ==> obj [/usr/lib/../lib64/crti.o]
    arg [/opt/cray/pe/gcc/12.2.0/snos/lib/gcc/x86_64-suse-linux/12.2.0/crtbegin.o] ==> obj [/opt/cray/pe/gcc/12.2.0/snos/lib/gcc/x86_64-suse-linux/12.2.0/crtbegin.o]
    arg [-L/opt/cray/pe/mpich/8.1.25/ofi/gnu/9.1/lib] ==> dir [/opt/cray/pe/mpich/8.1.25/ofi/gnu/9.1/lib]
    arg [-L/opt/cray/pe/gcc/12.2.0/snos/lib/gcc/x86_64-suse-linux/12.2.0] ==> dir [/opt/cray/pe/gcc/12.2.0/snos/lib/gcc/x86_64-suse-linux/12.2.0]
    arg [-L/opt/cray/pe/gcc/12.2.0/snos/lib/gcc/x86_64-suse-linux/12.2.0/../../../../lib64] ==> dir [/opt/cray/pe/gcc/12.2.0/snos/lib/gcc/x86_64-suse-linux/12.2.0/../../../../lib64]
    arg [-L/lib/../lib64] ==> dir [/lib/../lib64]
    arg [-L/usr/lib/../lib64] ==> dir [/usr/lib/../lib64]
    arg [-L/opt/cray/pe/gcc/12.2.0/snos/lib/gcc/x86_64-suse-linux/12.2.0/../../..] ==> dir [/opt/cray/pe/gcc/12.2.0/snos/lib/gcc/x86_64-suse-linux/12.2.0/../../..]
    arg [CMakeFiles/cmTC_08810.dir/CMakeCXXCompilerABI.cpp.o] ==> ignore
    arg [-lmpi_gnu_91] ==> lib [mpi_gnu_91]
    arg [-lstdc++] ==> lib [stdc++]
    arg [-lm] ==> lib [m]
    arg [-lgcc_s] ==> lib [gcc_s]
    arg [-lgcc] ==> lib [gcc]
    arg [-lc] ==> lib [c]
    arg [-lgcc_s] ==> lib [gcc_s]
    arg [-lgcc] ==> lib [gcc]
    arg [/opt/cray/pe/gcc/12.2.0/snos/lib/gcc/x86_64-suse-linux/12.2.0/crtend.o] ==> obj [/opt/cray/pe/gcc/12.2.0/snos/lib/gcc/x86_64-suse-linux/12.2.0/crtend.o]
    arg [/usr/lib/../lib64/crtn.o] ==> obj [/usr/lib/../lib64/crtn.o]
  collapse obj [/usr/lib/../lib64/crt1.o] ==> [/usr/lib64/crt1.o]
  collapse obj [/usr/lib/../lib64/crti.o] ==> [/usr/lib64/crti.o]
  collapse obj [/usr/lib/../lib64/crtn.o] ==> [/usr/lib64/crtn.o]
  collapse library dir [/opt/cray/pe/mpich/8.1.25/ofi/gnu/9.1/lib] ==> [/opt/cray/pe/mpich/8.1.25/ofi/gnu/9.1/lib]
  collapse library dir [/opt/cray/pe/gcc/12.2.0/snos/lib/gcc/x86_64-suse-linux/12.2.0] ==> [/opt/cray/pe/gcc/12.2.0/snos/lib/gcc/x86_64-suse-linux/12.2.0]
  collapse library dir [/opt/cray/pe/gcc/12.2.0/snos/lib/gcc/x86_64-suse-linux/12.2.0/../../../../lib64] ==> [/opt/cray/pe/gcc/12.2.0/snos/lib64]
  collapse library dir [/lib/../lib64] ==> [/lib64]
  collapse library dir [/usr/lib/../lib64] ==> [/usr/lib64]
  collapse library dir [/opt/cray/pe/gcc/12.2.0/snos/lib/gcc/x86_64-suse-linux/12.2.0/../../..] ==> [/opt/cray/pe/gcc/12.2.0/snos/lib]
  implicit libs: [mpi_gnu_91;stdc++;m;gcc_s;gcc;c;gcc_s;gcc]
  implicit objs: [/usr/lib64/crt1.o;/usr/lib64/crti.o;/opt/cray/pe/gcc/12.2.0/snos/lib/gcc/x86_64-suse-linux/12.2.0/crtbegin.o;/opt/cray/pe/gcc/12.2.0/snos/lib/gcc/x86_64-suse-linux/12.2.0/crtend.o;/usr/lib64/crtn.o]
  implicit dirs: [/opt/cray/pe/mpich/8.1.25/ofi/gnu/9.1/lib;/opt/cray/pe/gcc/12.2.0/snos/lib/gcc/x86_64-suse-linux/12.2.0;/opt/cray/pe/gcc/12.2.0/snos/lib64;/lib64;/usr/lib64;/opt/cray/pe/gcc/12.2.0/snos/lib]
  implicit fwks: []


